--------- beginning of kernel
09-30 22:31:00.360     0     0 I         : c3  18712 binder: 18712:18712 ioctl 40046210 7fe9135cf8 returned -22
--------- beginning of system
09-30 22:31:00.365  1708  5466 I ActivityTaskManager: START u0 {flg=0x10000000 cmp=com.lilioss.lifecycle.simpleactivity/.BackgroundActivity} from uid 0
09-30 22:31:00.369  3897  3956 D PhoneStartingWindowTypeAlgorithm: preferredStartingWindowType newTask:false taskSwitch:true processRunning:true allowTaskSnapshot:true activityCreated:true useEmptySplashScreen:false legacySplashScreen:false topIsHome:false
09-30 22:31:00.369  3897  3956 D PhoneStartingWindowTypeAlgorithm: isSnapshotCompatible rotation 0 snapshot 0
09-30 22:31:00.378  1708  5466 W LocalDisplayAdapter: Unable to find color mode 0, ignoring request.
09-30 22:31:00.380  1708  1881 D ActivityManager: sync unfroze 16257 com.lilioss.lifecycle.simpleactivity
--------- beginning of main
09-30 22:31:00.382 16257 16283 I LifeCycle: Java Thread_LifeCycle: BGActivity#0: 70
09-30 22:31:00.385 16257 16285 I LifeCycle: Java Thread_LifeCycle: BGActivity#2: 70
09-30 22:31:00.386 16257 16287 I LifeCycle: Java Thread_LifeCycle: BGActivity#4: 68
09-30 22:31:00.386 16257 16286 I LifeCycle: Java Thread_LifeCycle: BGActivity#3: 68
09-30 22:31:00.388 16257 16257 I LifeCycle: BGActivity: onStart
09-30 22:31:00.392 16257 16257 I LifeCycle: BGActivity: onResume
09-30 22:31:00.392 16257 16257 I LifeCycle: IntentSvc: startActionFoo
09-30 22:31:00.396 14538 17553 W FA      : Failed to retrieve Firebase Instance Id
09-30 22:31:00.407   658   711 I SDM     : HWDeviceDRM::UpdateMixerAttributes: Mixer WxH 1080x2340-1 for Peripheral
09-30 22:31:00.407   658   711 I SDM     : DisplayBase::SetActiveConfig: Active configuration changed to: 1
09-30 22:31:00.407   658   711 I SDM     : StrategyImpl::SetIdleTimeoutMs: Idle timeout set to zero for command mode panels
09-30 22:31:00.411  5121  6272 I AssistantForeground: Get launcher package: com.google.android.apps.nexuslauncher
09-30 22:31:00.411     0     0 I         : c4    520 [drm:dsi_display_set_mode [msm_drm]] [msm-dsi-info]: mdp_transfer_time_us=9000 us
09-30 22:31:00.411     0     0 I         : c4    520 [drm:dsi_display_set_mode [msm_drm]] [msm-dsi-info]: hactive= 1080,vactive= 2340,fps=90
09-30 22:31:00.415  1026  2670 I sensors-hal: [ssc_utils]get_qmi_debug_flag:243, support_qmi_debug : false
09-30 22:31:00.424 16257 16284 I LifeCycle: Java Thread_LifeCycle: BGActivity#1: Apps=303 Pkgs=303
09-30 22:31:00.426  1708  1881 I DisplayDeviceRepository: Display device changed: DisplayDeviceInfo{"Built-in Screen": uniqueId="local:4630946523002478721", 1080 x 2340, modeId 2, defaultModeId 1, supportedModes [{id=1, width=1080, height=2340, fps=60.000004, alternativeRefreshRates=[90.0]}, {id=2, width=1080, height=2340, fps=90.0, alternativeRefreshRates=[60.000004]}], colorMode 9, supportedColorModes [9], hdrCapabilities HdrCapabilities{mSupportedHdrTypes=[2, 3], mMaxLuminance=500.0, mMaxAverageLuminance=500.0, mMinLuminance=0.0}, allmSupported false, gameContentTypeSupported false, density 440, 435.428 x 433.839 dpi, appVsyncOff 2333333, presDeadline 11500000, cutout DisplayCutout{insets=Rect(0, 136 - 0, 0) waterfall=Insets{left=0, top=0, right=0, bottom=0} boundingRect={Bounds=[Rect(0, 0 - 0, 0), Rect(0, 0 - 136, 136), Rect(0, 0 - 0, 0), Rect(0, 0 - 0, 0)]} cutoutPathParserInfo={CutoutPathParserInfo{displayWidth=1080 displayHeight=2340 density={2.75} cutoutSpec={M 41,77 a 40,40 0 1 0 80,0 40,40 0 1 0 -80,0 Z @left} rotation={0} scale={1.0}}}}, touch INTERNAL, rotation 0, type INTERNAL, address {port=129, model=0x40446d53ad64a0}, deviceProductInfo DeviceProductInfo{name=, manufacturerPnpId=QCM, productId=1, modelYear=null, manufactureDate=ManufactureDate{week=27, year=2006}, connectionToSinkType=0}, state ON, frameRateOverride , brightnessMinimum 0.0, brightnessMaximum 1.0, brightnessDefault 0.2901961, roundedCorners RoundedCorners{[RoundedCorner{position=TopLeft, radius=108, center=Point(108, 108)}, RoundedCorner{position=TopRight, radius=108, center=Point(972, 108)}, RoundedCorner{position=BottomRight, radius=108, center=Point(972, 2232)}, RoundedCorner{position=BottomLeft, radius=108, center=Point(108, 2232)}]}, FLAG_DEFAULT_DISPLAY, FLAG_ROTATES_WITH_CONTENT, FLAG_SECURE, FLAG_SUPPORTS_PROTECTED_BUFFERS}
09-30 22:31:00.427  4673 18273 W NetworkScheduler: Error inserting flex_time=521000 job_id=-1 period=1044000 source=16 requires_charging=0 preferred_network_type=1 target_class=com.google.android.gms.measurement.PackageMeasurementTaskService user_id=0 target_package=com.google.android.gms tag=Measurement.PackageMeasurementTaskService.UPLOAD_TASK_TAG task_type=0 required_idleness_state=0 service_kind=0 source_version=213314000 persistence_level=1 preferred_charging_state=1 required_network_type=0 runtime=1633066260425 retry_strategy={"maximum_backoff_seconds":{"3600":0},"initial_backoff_seconds":{"30":0},"retry_policy":{"0":0}} last_runtime=0, error message: UNIQUE constraint failed: pending_ops.tag, pending_ops.target_class, pending_ops.target_package, pending_ops.user_id (code 2067 SQLITE_CONSTRAINT_UNIQUE) [CONTEXT service_id=218 ]
09-30 22:31:00.429  1708  1882 W LocalDisplayAdapter: Unable to find color mode 0, ignoring request.
09-30 22:31:00.444  3897  3956 D StartingSurfaceDrawer: Task start finish, remove starting surface for task 1722
09-30 22:31:00.445 16257 16257 I LifeCycle: IntentSvc: onCreate
09-30 22:31:00.451  1708  1889 V ActivityManager: Attempted to start a foreground service (com.lilioss.lifecycle.simpleactivity/.SimpleIntentService) with a broken notification (no icon: Notification(channel=1 shortcut=null contentView=null vibrate=null sound=null defaults=0x0 flags=0x40 color=0x00000000 vis=PRIVATE))
09-30 22:31:00.451 16257 16257 I LifeCycle: IntentSvc: onStartCommand
09-30 22:31:00.451 16257 18721 I LifeCycle: IntentSvc: onHandleIntent
09-30 22:31:00.451 16257 18721 I LifeCycle: IntentSvc: handleActionFoo(param1, param2)
09-30 22:31:00.452 16257 16257 I LifeCycle: IntentSvc: onDestroy
09-30 22:31:00.456 16257 16285 I LifeCycle: Java Thread_LifeCycle: BGActivity#2: Apps=303 Pkgs=303
09-30 22:31:00.458  4889  4889 I GoogleInputMethodService: GoogleInputMethodService.onFinishInput():3466 
09-30 22:31:00.458  4889  4889 I GoogleInputMethodService: GoogleInputMethodService.onStartInput():2045 
09-30 22:31:00.460  4889  4889 I DeviceUnlockedTag: DeviceUnlockedTag.notifyDeviceLockStatusChanged():38 Notify device unlocked.
09-30 22:31:00.470 16257 16286 I LifeCycle: Java Thread_LifeCycle: BGActivity#3: Apps=303 Pkgs=303
09-30 22:31:00.473 16257 16283 I LifeCycle: Java Thread_LifeCycle: BGActivity#0: Apps=303 Pkgs=303
09-30 22:31:00.485 16257 16287 I LifeCycle: Java Thread_LifeCycle: BGActivity#4: Apps=303 Pkgs=303
09-30 22:31:00.545  1708  1891 W InputManager-JNI: Input channel object 'a59e73 SnapshotStartingWindow for taskId=1722 (client)' was disposed without first being removed with the input manager!
09-30 22:31:00.655  1708  1708 I NotificationService: Cannot find enqueued record for key: 0|com.lilioss.lifecycle.simpleactivity|1|null|10263
09-30 22:31:00.862     0     0 I         : c7  18722 binder: 18722:18722 ioctl 40046210 7fdede2e68 returned -22
09-30 22:31:01.042  1708  1881 W system_server: Long monitor contention with owner Binder:1708_3 (1891) at void com.android.server.am.ActivityManagerService.dumpEverything(java.io.FileDescriptor, java.io.PrintWriter, java.lang.String[], int, boolean, java.lang.String, boolean, boolean, int, boolean)(ActivityManagerService.java:8892) waiters=0 in void com.android.server.am.ActivityManagerService.trimApplications(boolean, java.lang.String) for 144ms
09-30 22:31:01.084  1708  1787 I system_server: Background concurrent copying GC freed 2081707(98MB) AllocSpace objects, 23(508KB) LOS objects, 69% free, 42MB/138MB, paused 205us,87us total 215.068ms
09-30 22:31:01.414     0     0 I         : c2  18728 binder: 18728:18728 ioctl 40046210 7fd2900128 returned -22
09-30 22:31:01.418  1708  1793 I ActivityTaskManager: START u0 {flg=0x10000000 cmp=com.android.settings/.homepage.SettingsHomepageActivity} from uid 0
09-30 22:31:01.426 16257 16284 I LifeCycle: Java Thread_LifeCycle: BGActivity#1: 69
09-30 22:31:01.430  3897  3956 D PhoneStartingWindowTypeAlgorithm: preferredStartingWindowType newTask:false taskSwitch:true processRunning:true allowTaskSnapshot:true activityCreated:true useEmptySplashScreen:false legacySplashScreen:false topIsHome:false
09-30 22:31:01.430  3897  3956 D PhoneStartingWindowTypeAlgorithm: isSnapshotCompatible rotation 0 snapshot 0
09-30 22:31:01.432 16257 16257 I LifeCycle: BGActivity: onPause
09-30 22:31:01.438  1708  1881 D ActivityManager: sync unfroze 6387 com.android.settings
09-30 22:31:01.439  1708  1881 D ActivityManager: sync unfroze 14381 com.google.android.permissioncontroller
09-30 22:31:01.439  1708  1881 D ActivityManager: sync unfroze 14342 com.google.android.apps.security.securityhub
09-30 22:31:01.445  1708  1793 W LocalDisplayAdapter: Unable to find color mode 0, ignoring request.
09-30 22:31:01.456 16257 16285 I LifeCycle: Java Thread_LifeCycle: BGActivity#2: 71
09-30 22:31:01.458 16257 16284 I LifeCycle: Java Thread_LifeCycle: BGActivity#1: Apps=303 Pkgs=303
09-30 22:31:01.470 16257 16286 I LifeCycle: Java Thread_LifeCycle: BGActivity#3: 69
09-30 22:31:01.473 16257 16283 I LifeCycle: Java Thread_LifeCycle: BGActivity#0: 71
09-30 22:31:01.485 16257 16287 I LifeCycle: Java Thread_LifeCycle: BGActivity#4: 69
09-30 22:31:01.486  1708  5844 D ActivityManager: sync unfroze 6353 com.google.android.settings.intelligence
09-30 22:31:01.493 16257 16285 I LifeCycle: Java Thread_LifeCycle: BGActivity#2: Apps=303 Pkgs=303
09-30 22:31:01.500  1708  1889 W BroadcastQueue: Exported Denial: sending Intent { act=android.intent.action.BATTERY_CHANGED flg=0x60000010 (has extras) }, action: android.intent.action.BATTERY_CHANGED from null (uid=-1) due to receiver ProcessRecord{538ff6c 6387:com.android.settings/1000} (uid 1000) not specifying RECEIVER_EXPORTED
09-30 22:31:01.506  6387  6387 D ActivityEmbeddingUtils: isFlagEnabled = false
09-30 22:31:01.507  6387  6387 D ActivityEmbeddingUtils: isSplitSupported = false
09-30 22:31:01.512 16257 16286 I LifeCycle: Java Thread_LifeCycle: BGActivity#3: Apps=303 Pkgs=303
09-30 22:31:01.517  6387 18735 W Settings: Found settings value for provision. Returning 0
09-30 22:31:01.528  6387 18509 D BatteryInfo: time for getStats: 0ms
09-30 22:31:01.534  6387 18509 D BatteryInfo: time for regular BatteryInfo: 6ms
09-30 22:31:01.535  6387 18509 D BatteryInfo: time for getBatteryInfo: 1ms
09-30 22:31:01.537  6387 14378 D BatteryTipLoader: BatteryInfoLoader post query: 0ms
09-30 22:31:01.537  6387 14378 D BatteryInfo: time for getBatteryInfo: 0ms
09-30 22:31:01.537  6387 14378 D BatteryTipLoader: BatteryInfoLoader.loadInBackground: 0ms
09-30 22:31:01.543  1708  1891 D ActivityManager: sync unfroze 14423 com.google.android.apps.turbo
09-30 22:31:01.545  6387  6387 D ContextualSuggestFrag: loadSuggestions
09-30 22:31:01.545  3897  3956 D StartingSurfaceDrawer: Task start finish, remove starting surface for task 1658
09-30 22:31:01.546  6387 14356 D ContextualSuggestFrag: Start loading suggestions
09-30 22:31:01.549 16257 16287 I LifeCycle: Java Thread_LifeCycle: BGActivity#4: Apps=303 Pkgs=303
09-30 22:31:01.550  1708  1878 E system_server: Dex checksum does not match for dex: /system_ext/priv-app/SettingsGoogle/SettingsGoogle.apk.Expected: 3294669925, actual: 2508965823
09-30 22:31:01.551  6387  6387 D BatteryInfo: time for callback: 1ms
09-30 22:31:01.553 16257 16283 I LifeCycle: Java Thread_LifeCycle: BGActivity#0: Apps=303 Pkgs=303
09-30 22:31:01.555  6387 14356 D ContextualSuggestFrag: Loaded suggests: 0
09-30 22:31:01.557  4889  4889 I GoogleInputMethodService: GoogleInputMethodService.onFinishInput():3466 
09-30 22:31:01.558  4889  4889 I GoogleInputMethodService: GoogleInputMethodService.onStartInput():2045 
09-30 22:31:01.558  4889  4889 I DeviceUnlockedTag: DeviceUnlockedTag.notifyDeviceLockStatusChanged():38 Notify device unlocked.
09-30 22:31:01.559  6387  6387 D ContextualSuggestFrag: Remove suggestion
09-30 22:31:01.559  6387  6387 D ContextualSuggestFrag: Total loading time: 14 ms
09-30 22:31:01.569  1708  3143 D ActivityManager: freezing 14479 com.google.android.deskclock
09-30 22:31:01.569  1708  3143 D ActivityManager: froze 14479 com.google.android.deskclock
09-30 22:31:01.572  6387 14373 D BatteryTipLoader: BatteryInfoLoader post query: 1ms
09-30 22:31:01.572  6387 14373 D BatteryInfo: time for getBatteryInfo: 0ms
09-30 22:31:01.572  6387 14373 D BatteryTipLoader: BatteryInfoLoader.loadInBackground: 1ms
09-30 22:31:01.646  1708  1793 W InputManager-JNI: Input channel object 'd9f09c1 SnapshotStartingWindow for taskId=1658 (client)' was disposed without first being removed with the input manager!
09-30 22:31:01.650  1026  1137 D VSC     : @ 15161.330: [WO] Proposed rotation: 4, flat angle threshold: 65
09-30 22:31:01.650  1026  1137 D VSC     : @ 15161.330: [WO] orientation angle 358, orientation 4
09-30 22:31:01.650  1026  1137 D VSC     : @ 15161.330: [WO] Gyro angle integrated: 0.092980
09-30 22:31:01.878  1708  3808 D ConnectivityService: NetReassign [no changes]
09-30 22:31:01.967  1772  1791 I pixel-thermal: skin-therm-monitor: 37.987 degC
09-30 22:31:02.073     0     0 I         : c7  18737 binder: 18737:18737 ioctl 40046210 7ffa30f458 returned -22
09-30 22:31:02.077  5121  5866 I AssistantForeground: Get launcher package: com.google.android.apps.nexuslauncher
09-30 22:31:02.085 16257 16257 I LifeCycle: BGActivity: onStop
09-30 22:31:02.424 14538 17553 W FA      : Failed to retrieve Firebase Instance Id
09-30 22:31:02.454  4673 17129 W NetworkScheduler: Error inserting flex_time=519000 job_id=-1 period=1040000 source=16 requires_charging=0 preferred_network_type=1 target_class=com.google.android.gms.measurement.PackageMeasurementTaskService user_id=0 target_package=com.google.android.gms tag=Measurement.PackageMeasurementTaskService.UPLOAD_TASK_TAG task_type=0 required_idleness_state=0 service_kind=0 source_version=213314000 persistence_level=1 preferred_charging_state=1 required_network_type=0 runtime=1633066262451 retry_strategy={"maximum_backoff_seconds":{"3600":0},"initial_backoff_seconds":{"30":0},"retry_policy":{"0":0}} last_runtime=0, error message: UNIQUE constraint failed: pending_ops.tag, pending_ops.target_class, pending_ops.target_package, pending_ops.user_id (code 2067 SQLITE_CONSTRAINT_UNIQUE) [CONTEXT service_id=218 ]
09-30 22:31:02.459 16257 16284 I LifeCycle: Java Thread_LifeCycle: BGActivity#1: 70
09-30 22:31:02.474  1708  1793 I ActivityTaskManager: START u0 {flg=0x10000000 cmp=com.google.android.deskclock/com.android.deskclock.DeskClock} from uid 0
09-30 22:31:02.470     0     0 I         : c7  18743 binder: 18743:18743 ioctl 40046210 7fdc7d1918 returned -22
09-30 22:31:02.477  3897  3956 D PhoneStartingWindowTypeAlgorithm: preferredStartingWindowType newTask:false taskSwitch:true processRunning:true allowTaskSnapshot:true activityCreated:true useEmptySplashScreen:false legacySplashScreen:false topIsHome:false
09-30 22:31:02.477  3897  3956 D PhoneStartingWindowTypeAlgorithm: isSnapshotCompatible rotation 0 snapshot 0
09-30 22:31:02.487  1708  1881 D ActivityManager: sync unfroze 14479 com.google.android.deskclock
09-30 22:31:02.493 16257 16285 I LifeCycle: Java Thread_LifeCycle: BGActivity#2: 72
09-30 22:31:02.500  5121  6272 I AssistantForeground: Get launcher package: com.google.android.apps.nexuslauncher
09-30 22:31:02.513 16257 16286 I LifeCycle: Java Thread_LifeCycle: BGActivity#3: 70
09-30 22:31:02.515 14479 17016 I AlarmClock: Checking if assistant workflow is available
09-30 22:31:02.516  1708  5844 W UriGrantsManagerService: No permission grants found for com.google.android.deskclock
09-30 22:31:02.534  3897  3956 D StartingSurfaceDrawer: Task start finish, remove starting surface for task 1659
09-30 22:31:02.549 14479 14479 I ClearcutMetricXmitter: Transmission has failed: cci: 31003: Log dropped because of storage quota exceeded.
09-30 22:31:02.550 16257 16287 I LifeCycle: Java Thread_LifeCycle: BGActivity#4: 70
09-30 22:31:02.553 16257 16283 I LifeCycle: Java Thread_LifeCycle: BGActivity#0: 72
09-30 22:31:02.559  4889  4889 I GoogleInputMethodService: GoogleInputMethodService.onFinishInput():3466 
09-30 22:31:02.559  4889  4889 I GoogleInputMethodService: GoogleInputMethodService.onStartInput():2045 
09-30 22:31:02.559  4889  4889 I DeviceUnlockedTag: DeviceUnlockedTag.notifyDeviceLockStatusChanged():38 Notify device unlocked.
09-30 22:31:02.621 16257 16284 I LifeCycle: Java Thread_LifeCycle: BGActivity#1: Apps=303 Pkgs=303
09-30 22:31:02.635  1708  5851 W InputManager-JNI: Input channel object '970a54c SnapshotStartingWindow for taskId=1659 (client)' was disposed without first being removed with the input manager!
09-30 22:31:02.638 16257 16286 I LifeCycle: Java Thread_LifeCycle: BGActivity#3: Apps=303 Pkgs=303
09-30 22:31:02.678 16257 16287 I LifeCycle: Java Thread_LifeCycle: BGActivity#4: Apps=303 Pkgs=303
09-30 22:31:02.690 16257 16285 I LifeCycle: Java Thread_LifeCycle: BGActivity#2: Apps=303 Pkgs=303
09-30 22:31:02.704  1708  3143 D ActivityManager: freezing 14538 com.google.android.calculator
09-30 22:31:02.705  1708  3143 D ActivityManager: froze 14538 com.google.android.calculator
09-30 22:31:02.707 16257 16283 I LifeCycle: Java Thread_LifeCycle: BGActivity#0: Apps=303 Pkgs=303
09-30 22:31:03.233     0     0 I         : c6  18749 binder: 18749:18749 ioctl 40046210 7fc349f168 returned -22
09-30 22:31:03.528  1708  5468 I ActivityTaskManager: START u0 {flg=0x10000000 cmp=com.google.android.calculator/com.android.calculator2.Calculator} from uid 0
09-30 22:31:03.524     0     0 I         : c2  18754 binder: 18754:18754 ioctl 40046210 7fc8bfc908 returned -22
09-30 22:31:03.537  3897  3956 D PhoneStartingWindowTypeAlgorithm: preferredStartingWindowType newTask:false taskSwitch:true processRunning:true allowTaskSnapshot:true activityCreated:true useEmptySplashScreen:false legacySplashScreen:false topIsHome:false
09-30 22:31:03.537  3897  3956 D PhoneStartingWindowTypeAlgorithm: isSnapshotCompatible rotation 0 snapshot 0
09-30 22:31:03.551  1708  1881 D ActivityManager: sync unfroze 14538 com.google.android.calculator
09-30 22:31:03.565  5121  5893 I AssistantForeground: Get launcher package: com.google.android.apps.nexuslauncher
09-30 22:31:03.589  3897  3956 D StartingSurfaceDrawer: Task start finish, remove starting surface for task 1660
09-30 22:31:03.596  4889  4889 I GoogleInputMethodService: GoogleInputMethodService.onFinishInput():3466 
09-30 22:31:03.596  4889  4889 I GoogleInputMethodService: GoogleInputMethodService.onStartInput():2045 
09-30 22:31:03.597  4889  4889 I DeviceUnlockedTag: DeviceUnlockedTag.notifyDeviceLockStatusChanged():38 Notify device unlocked.
09-30 22:31:03.627 16257 16284 I LifeCycle: Java Thread_LifeCycle: BGActivity#1: 71
09-30 22:31:03.628  1708  3143 D ActivityManager: freezing 16257 com.lilioss.lifecycle.simpleactivity
09-30 22:31:03.629  1708  3143 D ActivityManager: froze 16257 com.lilioss.lifecycle.simpleactivity
09-30 22:31:03.637     0     0 I         : c5   1891 binder: 1708:1891 transaction failed 29202/0, size 66648-8 line 3594
09-30 22:31:03.637     0     0 I         : c5   1891 binder: send failed reply for transaction 5334652 to 16257:16284
09-30 22:31:03.673  1026  1137 D VSC     : @ 15163.353: [WO] Proposed rotation: 4, flat angle threshold: 65
09-30 22:31:03.674  1026  1137 D VSC     : @ 15163.353: [WO] orientation angle 358, orientation 4
09-30 22:31:03.674  1026  1137 D VSC     : @ 15163.353: [WO] Gyro angle integrated: 0.102572
09-30 22:31:03.692  1708  1891 W InputManager-JNI: Input channel object '65d91b9 SnapshotStartingWindow for taskId=1660 (client)' was disposed without first being removed with the input manager!
09-30 22:31:03.972  1772  1791 I pixel-thermal: skin-therm-monitor: 37.994 degC
09-30 22:31:04.179 14479 14479 I ClearcutMetricXmitter: Transmission has failed: cci: 31003: Log dropped because of storage quota exceeded.
09-30 22:31:04.371     0     0 I         : c7  18760 binder: 18760:18760 ioctl 40046210 7fcca0f768 returned -22
09-30 22:31:04.574     0     0 I         : c7  18767 binder: 18767:18767 ioctl 40046210 7ff6ea7e08 returned -22
09-30 22:31:04.580  1708  1878 D AutofillManagerService: Close system dialogs
09-30 22:31:04.581  1708  1879 I WindowManager: Not going home because user setup is in progress.
09-30 22:31:04.581  3897  3897 V ShadeControllerImpl: NotificationShadeWindow: com.android.systemui.statusbar.phone.NotificationShadeWindowView{524d10 I.E...... ......ID 0,0-1080,2340} canPanelBeCollapsed(): false
09-30 22:31:04.681  1708  3143 D ActivityManager: freezing 6387 com.android.settings
09-30 22:31:04.683  1708  3143 D ActivityManager: froze 6387 com.android.settings
09-30 22:31:04.686  1708  3143 D ActivityManager: freezing 14381 com.google.android.permissioncontroller
09-30 22:31:04.687  1708  3143 D ActivityManager: froze 14381 com.google.android.permissioncontroller
09-30 22:31:04.687  1708  3143 D ActivityManager: freezing 6353 com.google.android.settings.intelligence
09-30 22:31:04.688  1708  3143 D ActivityManager: froze 6353 com.google.android.settings.intelligence
09-30 22:31:04.689  1708  3143 D ActivityManager: freezing 14423 com.google.android.apps.turbo
09-30 22:31:04.690  1708  3143 D ActivityManager: froze 14423 com.google.android.apps.turbo
09-30 22:31:04.691  1708  3143 D ActivityManager: freezing 14342 com.google.android.apps.security.securityhub
09-30 22:31:04.691  1708  3143 D ActivityManager: froze 14342 com.google.android.apps.security.securityhub
09-30 22:31:04.896  1708  3808 D ConnectivityService: NetReassign [no changes]
09-30 22:31:05.516     0     0 I         : c7  18770 binder: 18770:18770 ioctl 40046210 7ff732dca8 returned -22
09-30 22:31:05.674  1026  1137 D VSC     : @ 15165.353: [WO] Proposed rotation: 4, flat angle threshold: 65
09-30 22:31:05.674  1026  1137 D VSC     : @ 15165.353: [WO] orientation angle 358, orientation 4
09-30 22:31:05.674  1026  1137 D VSC     : @ 15165.353: [WO] Gyro angle integrated: 0.003134
09-30 22:31:05.692  1026  2670 I sensors-hal: [ssc_utils]get_qmi_debug_flag:243, support_qmi_debug : false
09-30 22:31:05.975  1772  1791 I pixel-thermal: skin-therm-monitor: 38 degC
09-30 22:31:06.108  1026  2670 I sensors-hal: [ssc_utils]get_qmi_debug_flag:243, support_qmi_debug : false
09-30 22:31:06.206  1026  2670 I sensors-hal: [ssc_utils]get_qmi_debug_flag:243, support_qmi_debug : false
09-30 22:31:06.610  1026  2670 I sensors-hal: [ssc_utils]get_qmi_debug_flag:243, support_qmi_debug : false
09-30 22:31:06.665     0     0 I         : c7  18795 binder: 18795:18795 ioctl 40046210 7fc4674438 returned -22
09-30 22:31:06.699  1026  2670 I sensors-hal: [ssc_utils]get_qmi_debug_flag:243, support_qmi_debug : false
09-30 22:31:06.756     0     0 I         : c5    597 logd: logdr: UID=0 GID=0 PID=18801 n tail=0 logMask=99 pid=0 start=0ns deadline=0ns
09-30 22:31:06.793     0     0 I         : c5  18806 binder: 18806:18806 ioctl 40046210 7ff8e4dbf8 returned -22
09-30 22:31:06.797  1708  1891 I ActivityTaskManager: START u0 {flg=0x10000000 cmp=com.lilioss.lifecycle.simpleactivity/.BackgroundActivity} from uid 0
09-30 22:31:06.801  3897  3956 D PhoneStartingWindowTypeAlgorithm: preferredStartingWindowType newTask:false taskSwitch:true processRunning:true allowTaskSnapshot:true activityCreated:true useEmptySplashScreen:false legacySplashScreen:false topIsHome:false
09-30 22:31:06.801  3897  3956 D PhoneStartingWindowTypeAlgorithm: isSnapshotCompatible rotation 0 snapshot 0
09-30 22:31:06.805     0     0 I         : c1    520 [drm:dsi_display_set_mode [msm_drm]] [msm-dsi-info]: mdp_transfer_time_us=14000 us
09-30 22:31:06.803  1026  2670 I sensors-hal: [ssc_utils]get_qmi_debug_flag:243, support_qmi_debug : false
09-30 22:31:06.805     0     0 I         : c1    520 [drm:dsi_display_set_mode [msm_drm]] [msm-dsi-info]: hactive= 1080,vactive= 2340,fps=60
09-30 22:31:06.804   658   711 I SDM     : HWDeviceDRM::UpdateMixerAttributes: Mixer WxH 1080x2340-1 for Peripheral
09-30 22:31:06.804   658   711 I SDM     : DisplayBase::SetActiveConfig: Active configuration changed to: 0
09-30 22:31:06.804   658   711 I SDM     : StrategyImpl::SetIdleTimeoutMs: Idle timeout set to zero for command mode panels
09-30 22:31:06.811  1708  1881 D ActivityManager: sync unfroze 16257 com.lilioss.lifecycle.simpleactivity
09-30 22:31:06.812   658   711 I SDM     : StrategyImpl::SetIdleTimeoutMs: Idle timeout set to zero for command mode panels
09-30 22:31:06.813 16257 16284 E JavaBinder: !!! FAILED BINDER TRANSACTION !!!  (parcel size = 96)
09-30 22:31:06.813 16257 16286 I LifeCycle: Java Thread_LifeCycle: BGActivity#3: 71
09-30 22:31:06.813 16257 16287 I LifeCycle: Java Thread_LifeCycle: BGActivity#4: 71
09-30 22:31:06.814 16257 16257 I LifeCycle: BGActivity: onStart
09-30 22:31:06.815 16257 16285 I LifeCycle: Java Thread_LifeCycle: BGActivity#2: 73
09-30 22:31:06.815 16257 16283 I LifeCycle: Java Thread_LifeCycle: BGActivity#0: 73
09-30 22:31:06.815 16257 16257 I LifeCycle: BGActivity: onResume
09-30 22:31:06.815 16257 16257 I LifeCycle: IntentSvc: startActionFoo
09-30 22:31:06.817  1026  2670 I sensors-hal: [ssc_utils]get_qmi_debug_flag:243, support_qmi_debug : false
--------- beginning of crash
09-30 22:31:06.818 16257 16284 E AndroidRuntime: FATAL EXCEPTION: Thread-3
09-30 22:31:06.818 16257 16284 E AndroidRuntime: Process: com.lilioss.lifecycle.simpleactivity, PID: 16257
09-30 22:31:06.818 16257 16284 E AndroidRuntime: DeadSystemException: The system died; earlier logs will point to the root cause
09-30 22:31:06.827 14538 17553 W FA      : Failed to retrieve Firebase Instance Id
09-30 22:31:06.834   658   711 I SDM     : HWDeviceDRM::UpdateMixerAttributes: Mixer WxH 1080x2340-1 for Peripheral
09-30 22:31:06.834   658   711 I SDM     : DisplayBase::SetActiveConfig: Active configuration changed to: 1
09-30 22:31:06.834   658   711 I SDM     : StrategyImpl::SetIdleTimeoutMs: Idle timeout set to zero for command mode panels
09-30 22:31:06.843  1708  1881 I DisplayDeviceRepository: Display device changed: DisplayDeviceInfo{"Built-in Screen": uniqueId="local:4630946523002478721", 1080 x 2340, modeId 1, defaultModeId 1, supportedModes [{id=1, width=1080, height=2340, fps=60.000004, alternativeRefreshRates=[90.0]}, {id=2, width=1080, height=2340, fps=90.0, alternativeRefreshRates=[60.000004]}], colorMode 9, supportedColorModes [9], hdrCapabilities HdrCapabilities{mSupportedHdrTypes=[2, 3], mMaxLuminance=500.0, mMaxAverageLuminance=500.0, mMinLuminance=0.0}, allmSupported false, gameContentTypeSupported false, density 440, 435.428 x 433.839 dpi, appVsyncOff 2333332, presDeadline 11500000, cutout DisplayCutout{insets=Rect(0, 136 - 0, 0) waterfall=Insets{left=0, top=0, right=0, bottom=0} boundingRect={Bounds=[Rect(0, 0 - 0, 0), Rect(0, 0 - 136, 136), Rect(0, 0 - 0, 0), Rect(0, 0 - 0, 0)]} cutoutPathParserInfo={CutoutPathParserInfo{displayWidth=1080 displayHeight=2340 density={2.75} cutoutSpec={M 41,77 a 40,40 0 1 0 80,0 40,40 0 1 0 -80,0 Z @left} rotation={0} scale={1.0}}}}, touch INTERNAL, rotation 0, type INTERNAL, address {port=129, model=0x40446d53ad64a0}, deviceProductInfo DeviceProductInfo{name=, manufacturerPnpId=QCM, productId=1, modelYear=null, manufactureDate=ManufactureDate{week=27, year=2006}, connectionToSinkType=0}, state ON, frameRateOverride , brightnessMinimum 0.0, brightnessMaximum 1.0, brightnessDefault 0.2901961, roundedCorners RoundedCorners{[RoundedCorner{position=TopLeft, radius=108, center=Point(108, 108)}, RoundedCorner{position=TopRight, radius=108, center=Point(972, 108)}, RoundedCorner{position=BottomRight, radius=108, center=Point(972, 2232)}, RoundedCorner{position=BottomLeft, radius=108, center=Point(108, 2232)}]}, FLAG_DEFAULT_DISPLAY, FLAG_ROTATES_WITH_CONTENT, FLAG_SECURE, FLAG_SUPPORTS_PROTECTED_BUFFERS}
09-30 22:31:06.846  5121  5866 I AssistantForeground: Get launcher package: com.google.android.apps.nexuslauncher
09-30 22:31:06.846  1708  5466 W LocalDisplayAdapter: Unable to find color mode 0, ignoring request.
09-30 22:31:06.848  1708 18818 I DropBoxManagerService: add tag=data_app_crash isTagEnabled=true flags=0x2
09-30 22:31:06.850 16257 16257 I LifeCycle: IntentSvc: onCreate
09-30 22:31:06.855  1708  1881 I DisplayDeviceRepository: Display device changed: DisplayDeviceInfo{"Built-in Screen": uniqueId="local:4630946523002478721", 1080 x 2340, modeId 2, defaultModeId 1, supportedModes [{id=1, width=1080, height=2340, fps=60.000004, alternativeRefreshRates=[90.0]}, {id=2, width=1080, height=2340, fps=90.0, alternativeRefreshRates=[60.000004]}], colorMode 9, supportedColorModes [9], hdrCapabilities HdrCapabilities{mSupportedHdrTypes=[2, 3], mMaxLuminance=500.0, mMaxAverageLuminance=500.0, mMinLuminance=0.0}, allmSupported false, gameContentTypeSupported false, density 440, 435.428 x 433.839 dpi, appVsyncOff 2333333, presDeadline 11500000, cutout DisplayCutout{insets=Rect(0, 136 - 0, 0) waterfall=Insets{left=0, top=0, right=0, bottom=0} boundingRect={Bounds=[Rect(0, 0 - 0, 0), Rect(0, 0 - 136, 136), Rect(0, 0 - 0, 0), Rect(0, 0 - 0, 0)]} cutoutPathParserInfo={CutoutPathParserInfo{displayWidth=1080 displayHeight=2340 density={2.75} cutoutSpec={M 41,77 a 40,40 0 1 0 80,0 40,40 0 1 0 -80,0 Z @left} rotation={0} scale={1.0}}}}, touch INTERNAL, rotation 0, type INTERNAL, address {port=129, model=0x40446d53ad64a0}, deviceProductInfo DeviceProductInfo{name=, manufacturerPnpId=QCM, productId=1, modelYear=null, manufactureDate=ManufactureDate{week=27, year=2006}, connectionToSinkType=0}, state ON, frameRateOverride , brightnessMinimum 0.0, brightnessMaximum 1.0, brightnessDefault 0.2901961, roundedCorners RoundedCorners{[RoundedCorner{position=TopLeft, radius=108, center=Point(108, 108)}, RoundedCorner{position=TopRight, radius=108, center=Point(972, 108)}, RoundedCorner{position=BottomRight, radius=108, center=Point(972, 2232)}, RoundedCorner{position=BottomLeft, radius=108, center=Point(108, 2232)}]}, FLAG_DEFAULT_DISPLAY, FLAG_ROTATES_WITH_CONTENT, FLAG_SECURE, FLAG_SUPPORTS_PROTECTED_BUFFERS}
09-30 22:31:06.856  1708  5845 W ActivityTaskManager:   Force finishing activity com.lilioss.lifecycle.simpleactivity/.BackgroundActivity
09-30 22:31:06.857     0     0 I         : c2    520 [drm:dsi_display_set_mode [msm_drm]] [msm-dsi-info]: mdp_transfer_time_us=9000 us
09-30 22:31:06.857     0     0 I         : c2    520 [drm:dsi_display_set_mode [msm_drm]] [msm-dsi-info]: hactive= 1080,vactive= 2340,fps=90
09-30 22:31:06.860  1026  2670 I sensors-hal: [ssc_utils]get_qmi_debug_flag:243, support_qmi_debug : false
09-30 22:31:06.869  1708  5845 W LocalDisplayAdapter: Unable to find color mode 0, ignoring request.
09-30 22:31:06.870  4673 17129 W NetworkScheduler: Error inserting flex_time=515000 job_id=-1 period=1031000 source=16 requires_charging=0 preferred_network_type=1 target_class=com.google.android.gms.measurement.PackageMeasurementTaskService user_id=0 target_package=com.google.android.gms tag=Measurement.PackageMeasurementTaskService.UPLOAD_TASK_TAG task_type=0 required_idleness_state=0 service_kind=0 source_version=213314000 persistence_level=1 preferred_charging_state=1 required_network_type=0 runtime=1633066266862 retry_strategy={"maximum_backoff_seconds":{"3600":0},"initial_backoff_seconds":{"30":0},"retry_policy":{"0":0}} last_runtime=0, error message: UNIQUE constraint failed: pending_ops.tag, pending_ops.target_class, pending_ops.target_package, pending_ops.user_id (code 2067 SQLITE_CONSTRAINT_UNIQUE) [CONTEXT service_id=218 ]
09-30 22:31:06.871 16257 16286 I LifeCycle: Java Thread_LifeCycle: BGActivity#3: Apps=303 Pkgs=303
09-30 22:31:06.871 16257 16287 I LifeCycle: Java Thread_LifeCycle: BGActivity#4: Apps=303 Pkgs=303
09-30 22:31:06.871 16257 16285 I LifeCycle: Java Thread_LifeCycle: BGActivity#2: Apps=303 Pkgs=303
09-30 22:31:06.871  1708  1889 W BroadcastQueue: Background execution not allowed: receiving Intent { act=android.intent.action.DROPBOX_ENTRY_ADDED flg=0x10 (has extras) } to com.google.android.gms/.stats.service.DropBoxEntryAddedReceiver
09-30 22:31:06.871  1708  1889 W BroadcastQueue: Background execution not allowed: receiving Intent { act=android.intent.action.DROPBOX_ENTRY_ADDED flg=0x10 (has extras) } to com.google.android.gms/.chimera.GmsIntentOperationService$PersistentTrustedReceiver
09-30 22:31:06.875 16257 16257 I LifeCycle: IntentSvc: onStartCommand
09-30 22:31:06.876 16257 18819 I LifeCycle: IntentSvc: onHandleIntent
09-30 22:31:06.876 16257 18819 I LifeCycle: IntentSvc: handleActionFoo(param1, param2)
09-30 22:31:06.881  1708  1889 V ActivityManager: Attempted to start a foreground service (com.lilioss.lifecycle.simpleactivity/.SimpleIntentService) with a broken notification (no icon: Notification(channel=1 shortcut=null contentView=null vibrate=null sound=null defaults=0x0 flags=0x40 color=0x00000000 vis=PRIVATE))
09-30 22:31:06.891  3897  3897 W Choreographer: Frame time is 0.181161 ms in the future!  Check that graphics HAL is generating vsync timestamps using the correct timebase.
09-30 22:31:06.891 14538 14538 W Choreographer: Frame time is 0.179546 ms in the future!  Check that graphics HAL is generating vsync timestamps using the correct timebase.
09-30 22:31:06.892  1708  1879 E ActivityManager: android: Targeting T+ (version 10000 and above) requires that one of RECEIVER_EXPORTED or RECEIVER_NOT_EXPORTED be specified when registering a receiver
09-30 22:31:06.899 16257 16283 I LifeCycle: Java Thread_LifeCycle: BGActivity#0: Apps=303 Pkgs=303
09-30 22:31:06.905 16257 16257 I LifeCycle: BGActivity: onPause
09-30 22:31:06.918 16257 16257 I LifeCycle: IntentSvc: onDestroy
09-30 22:31:06.921  4889  4889 I GoogleInputMethodService: GoogleInputMethodService.onStartInput():2045 
09-30 22:31:06.922  4889  4889 I DeviceUnlockedTag: DeviceUnlockedTag.notifyDeviceLockStatusChanged():38 Notify device unlocked.
09-30 22:31:06.922  4889  4889 W SessionManager: SessionManager.beginSession():55 Try to begin an already begun session [INPUT_SESSION], end it first
09-30 22:31:06.950  5121  6272 I AssistantForeground: Get launcher package: com.google.android.apps.nexuslauncher
09-30 22:31:07.088  1708  1708 I NotificationService: Cannot find enqueued record for key: 0|com.lilioss.lifecycle.simpleactivity|1|null|10263
09-30 22:31:07.310  1708  1882 W InputManager-JNI: Input channel object '819eed4 SnapshotStartingWindow for taskId=1722 (client)' was disposed without first being removed with the input manager!
09-30 22:31:07.311  3897  3956 D StartingSurfaceDrawer: Task start finish, remove starting surface for task 1722
09-30 22:31:07.333 16257 16257 I LifeCycle: BGActivity: onStop
09-30 22:31:07.335 16257 16257 I LifeCycle: BGActivity: onDestroy
09-30 22:31:07.336 16257 16257 I LifeCycle: Java Thread_LifeCycle: BGActivity#0: finish
09-30 22:31:07.336 16257 16257 I LifeCycle: Java Thread_LifeCycle: BGActivity#1: finish
09-30 22:31:07.336 16257 16257 I LifeCycle: Java Thread_LifeCycle: BGActivity#2: finish
09-30 22:31:07.336 16257 16257 I LifeCycle: Java Thread_LifeCycle: BGActivity#3: finish
09-30 22:31:07.336 16257 16257 I LifeCycle: Java Thread_LifeCycle: BGActivity#4: finish
09-30 22:31:07.341  1708  1793 W InputManager-JNI: Input channel object 'cff390d com.lilioss.lifecycle.simpleactivity/com.lilioss.lifecycle.simpleactivity.BackgroundActivity (client)' was disposed without first being removed with the input manager!
09-30 22:31:07.350  1708  1882 W ActivityTaskManager: Can't find TaskDisplayArea to determine support for multi window. Task id=1722 attached=false
09-30 22:31:07.350  1708  1882 W ActivityTaskManager: Can't find TaskDisplayArea to determine support for multi window. Task id=1722 attached=false
09-30 22:31:07.412  1708  1793 W WindowManager: Failed looking up window session=Session{83f992b 3897:u0a10223} callers=com.android.server.wm.WindowManagerService.windowForClientLocked:5668 com.android.server.wm.WindowManagerService.removeWindow:2031 com.android.server.wm.Session.remove:218 
09-30 22:31:07.640  1026  1137 D VSC     : @ 15167.319: [WO] Proposed rotation: 4, flat angle threshold: 65
09-30 22:31:07.640  1026  1137 D VSC     : @ 15167.320: [WO] orientation angle 358, orientation 4
09-30 22:31:07.640  1026  1137 D VSC     : @ 15167.320: [WO] Gyro angle integrated: 0.051285
09-30 22:31:07.812     0     0 I         : c6  18833 binder: 18833:18833 ioctl 40046210 7fee778338 returned -22
09-30 22:31:07.856     0     0 I         : c7  18838 binder: 18838:18838 ioctl 40046210 7fc7faa1d8 returned -22
09-30 22:31:07.861  1708  5466 I ActivityTaskManager: START u0 {flg=0x10000000 cmp=com.android.settings/.homepage.SettingsHomepageActivity} from uid 0
09-30 22:31:07.864  3897  3956 D PhoneStartingWindowTypeAlgorithm: preferredStartingWindowType newTask:false taskSwitch:true processRunning:true allowTaskSnapshot:true activityCreated:true useEmptySplashScreen:false legacySplashScreen:false topIsHome:false
09-30 22:31:07.864  3897  3956 D PhoneStartingWindowTypeAlgorithm: isSnapshotCompatible rotation 0 snapshot 0
09-30 22:31:07.871 16257 16287 I LifeCycle: Java Thread_LifeCycle: BGActivity#4: 72
09-30 22:31:07.871 16257 16285 I LifeCycle: Java Thread_LifeCycle: BGActivity#2: 74
09-30 22:31:07.871 16257 16286 I LifeCycle: Java Thread_LifeCycle: BGActivity#3: 72
09-30 22:31:07.899 16257 16283 I LifeCycle: Java Thread_LifeCycle: BGActivity#0: 74
09-30 22:31:07.909  1708  3808 D ConnectivityService: NetReassign [no changes]
09-30 22:31:07.912  1708  3143 D ActivityManager: freezing 16257 com.lilioss.lifecycle.simpleactivity
09-30 22:31:07.913  1708  3143 D ActivityManager: froze 16257 com.lilioss.lifecycle.simpleactivity
09-30 22:31:07.912     0     0 I         : c4   5466 binder: 1708:5466 transaction failed 29202/0, size 65608-0 line 3594
09-30 22:31:07.915  1708  1881 D ActivityManager: sync unfroze 6387 com.android.settings
09-30 22:31:07.916  1708  1881 D ActivityManager: sync unfroze 14381 com.google.android.permissioncontroller
09-30 22:31:07.916  1708  1881 D ActivityManager: sync unfroze 14342 com.google.android.apps.security.securityhub
09-30 22:31:07.912     0     0 I         : c4   5466 binder: send failed reply for transaction 5338687 to 16257:16283
09-30 22:31:07.922  1708  5468 D ActivityManager: sync unfroze 6353 com.google.android.settings.intelligence
09-30 22:31:07.928  1708  1889 W BroadcastQueue: Exported Denial: sending Intent { act=android.intent.action.BATTERY_CHANGED flg=0x60000010 (has extras) }, action: android.intent.action.BATTERY_CHANGED from null (uid=-1) due to receiver ProcessRecord{538ff6c 6387:com.android.settings/1000} (uid 1000) not specifying RECEIVER_EXPORTED
09-30 22:31:07.930  6387  6387 D ActivityEmbeddingUtils: isFlagEnabled = false
09-30 22:31:07.930  6387  6387 D ActivityEmbeddingUtils: isSplitSupported = false
09-30 22:31:07.940  6387 18844 W Settings: Found settings value for provision. Returning 0
09-30 22:31:07.943  6387  6387 D ContextualSuggestFrag: loadSuggestions
09-30 22:31:07.943  6387 14378 D ContextualSuggestFrag: Start loading suggestions
09-30 22:31:07.944  6387 14378 D ContextualSuggestFrag: Loaded suggests: 0
09-30 22:31:07.944  6387 18509 D BatteryInfo: time for getStats: 0ms
09-30 22:31:07.954  6387 18509 D BatteryInfo: time for regular BatteryInfo: 10ms
09-30 22:31:07.955  6387 18509 D BatteryInfo: time for getBatteryInfo: 1ms
09-30 22:31:07.956  1708  5468 D ActivityManager: sync unfroze 14423 com.google.android.apps.turbo
09-30 22:31:07.964  6387  6387 D ContextualSuggestFrag: Remove suggestion
09-30 22:31:07.964  6387  6387 D ContextualSuggestFrag: Total loading time: 22 ms
09-30 22:31:07.965  6387  6387 D BatteryInfo: time for callback: 1ms
09-30 22:31:07.966  3897  3956 D StartingSurfaceDrawer: Task start finish, remove starting surface for task 1658
09-30 22:31:07.967  6387 14340 D BatteryTipLoader: BatteryInfoLoader post query: 15ms
09-30 22:31:07.968  6387 14340 D BatteryInfo: time for getBatteryInfo: 1ms
09-30 22:31:07.968  6387 14340 D BatteryTipLoader: BatteryInfoLoader.loadInBackground: 16ms
09-30 22:31:07.975  1708  1878 E system_server: Dex checksum does not match for dex: /system_ext/priv-app/SettingsGoogle/SettingsGoogle.apk.Expected: 3294669925, actual: 2508965823
09-30 22:31:07.975  6387 14356 D BatteryTipLoader: BatteryInfoLoader post query: 2ms
09-30 22:31:07.975  6387 14356 D BatteryInfo: time for getBatteryInfo: 0ms
09-30 22:31:07.975  6387 14356 D BatteryTipLoader: BatteryInfoLoader.loadInBackground: 2ms
09-30 22:31:07.979  1772  1791 I pixel-thermal: skin-therm-monitor: 37.99 degC
09-30 22:31:08.067  1708  6865 W InputManager-JNI: Input channel object 'a673a15 SnapshotStartingWindow for taskId=1658 (client)' was disposed without first being removed with the input manager!
09-30 22:31:08.512  5121  5866 I AssistantForeground: Get launcher package: com.google.android.apps.nexuslauncher
09-30 22:31:08.912     0     0 I         : c3  18852 binder: 18852:18852 ioctl 40046210 7fcf5797c8 returned -22
09-30 22:31:08.917  1708  3984 I ActivityTaskManager: START u0 {flg=0x10000000 cmp=com.google.android.deskclock/com.android.deskclock.DeskClock} from uid 0
09-30 22:31:08.922  3897  3956 D PhoneStartingWindowTypeAlgorithm: preferredStartingWindowType newTask:false taskSwitch:true processRunning:true allowTaskSnapshot:true activityCreated:true useEmptySplashScreen:false legacySplashScreen:false topIsHome:false
09-30 22:31:08.922  3897  3956 D PhoneStartingWindowTypeAlgorithm: isSnapshotCompatible rotation 0 snapshot 0
09-30 22:31:08.934     0     0 I         : c7  18855 binder: 18855:18855 ioctl 40046210 7fe6c64d88 returned -22
09-30 22:31:08.952 14479 17016 I AlarmClock: Checking if assistant workflow is available
09-30 22:31:08.955  1708  5851 W UriGrantsManagerService: No permission grants found for com.google.android.deskclock
09-30 22:31:09.023  3897  3956 D StartingSurfaceDrawer: Task start finish, remove starting surface for task 1659
09-30 22:31:09.033  5121  5901 I AssistantForeground: Get launcher package: com.google.android.apps.nexuslauncher
09-30 22:31:09.123  1708  3984 W InputManager-JNI: Input channel object '5ca3e48 SnapshotStartingWindow for taskId=1659 (client)' was disposed without first being removed with the input manager!
09-30 22:31:09.649  1026  1137 D VSC     : @ 15169.329: [WO] Proposed rotation: 4, flat angle threshold: 65
09-30 22:31:09.650  1026  1137 D VSC     : @ 15169.329: [WO] orientation angle 358, orientation 4
09-30 22:31:09.650  1026  1137 D VSC     : @ 15169.329: [WO] Gyro angle integrated: 0.083575
09-30 22:31:09.900 14538 17553 W FA      : Failed to retrieve Firebase Instance Id
09-30 22:31:09.923  4673 17129 W NetworkScheduler: Error inserting flex_time=512000 job_id=-1 period=1025000 source=16 requires_charging=0 preferred_network_type=1 target_class=com.google.android.gms.measurement.PackageMeasurementTaskService user_id=0 target_package=com.google.android.gms tag=Measurement.PackageMeasurementTaskService.UPLOAD_TASK_TAG task_type=0 required_idleness_state=0 service_kind=0 source_version=213314000 persistence_level=1 preferred_charging_state=1 required_network_type=0 runtime=1633066269920 retry_strategy={"maximum_backoff_seconds":{"3600":0},"initial_backoff_seconds":{"30":0},"retry_policy":{"0":0}} last_runtime=0, error message: UNIQUE constraint failed: pending_ops.tag, pending_ops.target_class, pending_ops.target_package, pending_ops.user_id (code 2067 SQLITE_CONSTRAINT_UNIQUE) [CONTEXT service_id=218 ]
09-30 22:31:09.958     0     0 I         : c7  18863 binder: 18863:18863 ioctl 40046210 7fc6a22788 returned -22
09-30 22:31:09.961  1708  5851 I ActivityTaskManager: START u0 {flg=0x10000000 cmp=com.google.android.calculator/com.android.calculator2.Calculator} from uid 0
09-30 22:31:09.967  3897  3956 D PhoneStartingWindowTypeAlgorithm: preferredStartingWindowType newTask:false taskSwitch:true processRunning:true allowTaskSnapshot:true activityCreated:true useEmptySplashScreen:false legacySplashScreen:false topIsHome:false
09-30 22:31:09.967  3897  3956 D PhoneStartingWindowTypeAlgorithm: isSnapshotCompatible rotation 0 snapshot 0
09-30 22:31:09.983  1772  1791 I pixel-thermal: skin-therm-monitor: 37.99 degC
09-30 22:31:09.987  5121  6271 I AssistantForeground: Get launcher package: com.google.android.apps.nexuslauncher
09-30 22:31:10.032  3897  3956 D StartingSurfaceDrawer: Task start finish, remove starting surface for task 1660
09-30 22:31:10.060     0     0 I         : c7  18867 binder: 18867:18867 ioctl 40046210 7ff65ae7b8 returned -22
09-30 22:31:10.133  1708  5851 W InputManager-JNI: Input channel object '750df9 SnapshotStartingWindow for taskId=1660 (client)' was disposed without first being removed with the input manager!
09-30 22:31:10.925  1708  3808 D ConnectivityService: NetReassign [no changes]
09-30 22:31:11.014     0     0 I         : c2  18874 binder: 18874:18874 ioctl 40046210 7fd1aa3b98 returned -22
09-30 22:31:11.021  1708  1878 D AutofillManagerService: Close system dialogs
09-30 22:31:11.022  1708  1879 I WindowManager: Not going home because user setup is in progress.
09-30 22:31:11.022  1708  5845 I ActivityManager: Killing 16257:com.lilioss.lifecycle.simpleactivity/u0a263 (adj 920): crash
09-30 22:31:11.023  3897  3897 V ShadeControllerImpl: NotificationShadeWindow: com.android.systemui.statusbar.phone.NotificationShadeWindowView{524d10 I.E...... ......ID 0,0-1080,2340} canPanelBeCollapsed(): false
09-30 22:31:11.022     0     0 I         : c0   5845 binder: 1708:5845 transaction failed 29202/0, size 4-0 line 3594
09-30 22:31:11.022     0     0 I         : c0   5845 binder: send failed reply for transaction 5336610 to 16257:16284
09-30 22:31:11.026  1708  1879 W InputManager-JNI: Input channel object '22d1610 Application Error: com.lilioss.lifecycle.simpleactivity (client)' was disposed without first being removed with the input manager!
09-30 22:31:11.050  4889  4889 I GoogleInputMethodService: GoogleInputMethodService.onFinishInput():3466 
09-30 22:31:11.050  4889  4889 I GoogleInputMethodService: GoogleInputMethodService.onStartInput():2045 
09-30 22:31:11.051  4889  4889 I DeviceUnlockedTag: DeviceUnlockedTag.notifyDeviceLockStatusChanged():38 Notify device unlocked.
09-30 22:31:11.067  1708  3984 V ActivityManager: Got obituary of 16257:com.lilioss.lifecycle.simpleactivity
09-30 22:31:11.064     0     0 I         : c4  15169 binder: undelivered TRANSACTION_COMPLETE
09-30 22:31:11.064     0     0 I         : c4  15169 binder: undelivered TRANSACTION_ERROR: 29202
09-30 22:31:11.064     0     0 I         : c4  15169 binder: undelivered TRANSACTION_COMPLETE
09-30 22:31:11.064     0     0 I         : c4  15169 binder: undelivered TRANSACTION_ERROR: 29202
09-30 22:31:11.068  1708  1881 W ActivityManager: setHasOverlayUi called on unknown pid: 16257
09-30 22:31:11.068  1708  1919 I libprocessgroup: Successfully killed process cgroup uid 10263 pid 16257 in 45ms
09-30 22:31:11.068   985   985 I Zygote  : Process 16257 exited due to signal 9 (Killed)
09-30 22:31:11.117  1708  3143 D ActivityManager: freezing 6387 com.android.settings
09-30 22:31:11.119  1708  3143 D ActivityManager: froze 6387 com.android.settings
09-30 22:31:11.121  1708  3143 D ActivityManager: freezing 14381 com.google.android.permissioncontroller
09-30 22:31:11.122  1708  3143 D ActivityManager: froze 14381 com.google.android.permissioncontroller
09-30 22:31:11.122  1708  3143 D ActivityManager: freezing 6353 com.google.android.settings.intelligence
09-30 22:31:11.123  1708  3143 D ActivityManager: froze 6353 com.google.android.settings.intelligence
09-30 22:31:11.124  1708  3143 D ActivityManager: freezing 14423 com.google.android.apps.turbo
09-30 22:31:11.125  1708  3143 D ActivityManager: froze 14423 com.google.android.apps.turbo
09-30 22:31:11.126  1708  3143 D ActivityManager: freezing 14342 com.google.android.apps.security.securityhub
09-30 22:31:11.127  1708  3143 D ActivityManager: froze 14342 com.google.android.apps.security.securityhub
09-30 22:31:11.204     0     0 I         : c7  18878 binder: 18878:18878 ioctl 40046210 7fc52a9358 returned -22
09-30 22:31:11.674  1026  1137 D VSC     : @ 15171.353: [WO] Proposed rotation: 4, flat angle threshold: 65
09-30 22:31:11.674  1026  1137 D VSC     : @ 15171.353: [WO] orientation angle 358, orientation 4
09-30 22:31:11.674  1026  1137 D VSC     : @ 15171.353: [WO] Gyro angle integrated: 0.026877
09-30 22:31:11.986  1772  1791 I pixel-thermal: skin-therm-monitor: 37.984 degC
09-30 22:31:12.362     0     0 I         : c7  18885 binder: 18885:18885 ioctl 40046210 7ff9c487e8 returned -22
09-30 22:31:12.909  1026  2670 I sensors-hal: [ssc_utils]get_qmi_debug_flag:243, support_qmi_debug : false
09-30 22:31:13.069  1026  2670 I sensors-hal: [ssc_utils]get_qmi_debug_flag:243, support_qmi_debug : false
09-30 22:31:13.153  1026  2670 I sensors-hal: [ssc_utils]get_qmi_debug_flag:243, support_qmi_debug : false
09-30 22:31:13.398     0     0 I         : c5    597 logd: logdr: UID=0 GID=0 PID=18903 n tail=0 logMask=99 pid=0 start=0ns deadline=0ns
09-30 22:31:13.418     0     0 I         : c5    597 logd: logdr: UID=0 GID=0 PID=18907 n tail=0 logMask=99 pid=0 start=0ns deadline=0ns
