09-02 16:53:32.832  1729  2462 I DisplayDeviceRepository: Display device changed: DisplayDeviceInfo{"Built-in Screen": uniqueId="local:4630946523002478721", 1080 x 2340, modeId 1, defaultModeId 1, supportedModes [{id=1, width=1080, height=2340, fps=60.000004, alternativeRefreshRates=[90.0]}, {id=2, width=1080, height=2340, fps=90.0, alternativeRefreshRates=[60.000004]}], colorMode 9, supportedColorModes [9], hdrCapabilities HdrCapabilities{mSupportedHdrTypes=[2, 3], mMaxLuminance=500.0, mMaxAverageLuminance=500.0, mMinLuminance=0.0}, allmSupported false, gameContentTypeSupported false, density 440, 435.428 x 433.839 dpi, appVsyncOff 2333332, presDeadline 11500000, cutout DisplayCutout{insets=Rect(0, 136 - 0, 0) waterfall=Insets{left=0, top=0, right=0, bottom=0} boundingRect={Bounds=[Rect(0, 0 - 0, 0), Rect(0, 0 - 136, 136), Rect(0, 0 - 0, 0), Rect(0, 0 - 0, 0)]} cutoutPathParserInfo={CutoutPathParserInfo{displayWidth=1080 displayHeight=2340 density={2.75} cutoutSpec={M 41,77 a 40,40 0 1 0 80,0 40,40 0 1 0 -80,0 Z @left} rotation={0} scale={1.0}}}}, touch INTERNAL, rotation 0, type INTERNAL, address {port=129, model=0x40446d53ad64a0}, deviceProductInfo DeviceProductInfo{name=, manufacturerPnpId=QCM, productId=1, modelYear=null, manufactureDate=ManufactureDate{week=27, year=2006}, connectionToSinkType=0}, state ON, frameRateOverride , brightnessMinimum 0.0, brightnessMaximum 1.0, brightnessDefault 0.2901961, roundedCorners RoundedCorners{[RoundedCorner{position=TopLeft, radius=108, center=Point(108, 108)}, RoundedCorner{position=TopRight, radius=108, center=Point(972, 108)}, RoundedCorner{position=BottomRight, radius=108, center=Point(972, 2232)}, RoundedCorner{position=BottomLeft, radius=108, center=Point(108, 2232)}]}, FLAG_DEFAULT_DISPLAY, FLAG_ROTATES_WITH_CONTENT, FLAG_SECURE, FLAG_SUPPORTS_PROTECTED_BUFFERS}
09-02 16:53:32.830     0     0 I         : c0    513 [drm:dsi_display_set_mode [msm_drm]] [msm-dsi-info]: mdp_transfer_time_us=14000 us
09-02 16:53:32.830     0     0 I         : c0    513 [drm:dsi_display_set_mode [msm_drm]] [msm-dsi-info]: hactive= 1080,vactive= 2340,fps=60
09-02 16:53:32.836  1729  2463 W LocalDisplayAdapter: Unable to find color mode 0, ignoring request.
09-02 16:53:32.837   973  2616 I sensors-hal: [ssc_utils]get_qmi_debug_flag:243, support_qmi_debug : false
09-02 16:53:32.848   624   679 I SDM     : StrategyImpl::SetIdleTimeoutMs: Idle timeout set to zero for command mode panels
09-02 16:53:32.861  1729  2651 D ActivityManager: froze 25715 com.lilioss.lifecycle.simpleactivity
09-02 16:53:32.978   941   941 I netd    : setProcSysNet(4, 2, wlan0, retrans_time_ms, 750) <0.40ms>
09-02 16:53:32.979   941   941 I netd    : setProcSysNet(4, 2, wlan0, ucast_solicit, 10) <0.14ms>
09-02 16:53:32.980   941   941 I netd    : setProcSysNet(6, 2, wlan0, retrans_time_ms, 750) <0.21ms>
09-02 16:53:32.983   941   941 I netd    : setProcSysNet(6, 2, wlan0, ucast_solicit, 10) <0.16ms>
09-02 16:53:33.249     0     0 I         : c3    571 logd: logdr: UID=2000 GID=2000 PID=26304 n tail=0 logMask=99 pid=0 start=0ns deadline=0ns
09-02 16:53:33.279 26309 26309 D ProcessState: Binder ioctl to enable oneway spam detection failed: Invalid argument
09-02 16:53:33.278     0     0 I         : c7  26309 binder: 26309:26309 ioctl 40046210 7ff6291e44 returned -22
09-02 16:53:33.281  1729  2553 I ActivityTaskManager: START u0 {flg=0x10000000 cmp=com.lilioss.lifecycle.simpleactivity/.BackgroundActivity} from uid 2000
09-02 16:53:33.290  1729  5037 W ActivityTaskManager: Tried to set launchTime (0) < mLastActivityLaunchTime (2775320)
09-02 16:53:33.295  1729  2462 D ActivityManager: pid 25715 com.lilioss.lifecycle.simpleactivity  received async transactions while frozen
09-02 16:53:33.296  1729  2462 D ActivityManager: sync unfroze 25715 com.lilioss.lifecycle.simpleactivity
09-02 16:53:33.302  4938  5815 I AssistantForeground: Get launcher package: com.google.android.apps.nexuslauncher
09-02 16:53:33.306 25715 25715 I LifeCycle: Activity: onCreate
09-02 16:53:33.308 18268 25940 W FA      : Failed to retrieve Firebase Instance Id
09-02 16:53:33.319 25715 25944 I LifeCycle: Java Thread_LifeCycle: Activity: Apps=302 Pkgs=302
09-02 16:53:33.324 25715 26314 I LifeCycle: Java Thread_LifeCycle: Activity: 0
09-02 16:53:33.326 25715 25715 I LifeCycle: Activity: onStart
09-02 16:53:33.327 25715 25715 I LifeCycle: Activity: onResume
09-02 16:53:33.327 25715 25715 I LifeCycle: IntentSvc: startActionFoo
09-02 16:53:33.337 25715 25715 I LifeCycle: IntentSvc: onCreate
09-02 16:53:33.342  1729  2496 V ActivityManager: Attempted to start a foreground service (com.lilioss.lifecycle.simpleactivity/.SimpleIntentService) with a broken notification (no icon: Notification(channel=1 shortcut=null contentView=null vibrate=null sound=null defaults=0x0 flags=0x40 color=0x00000000 vis=PRIVATE))
09-02 16:53:33.342 25715 25715 I LifeCycle: IntentSvc: onStartCommand
09-02 16:53:33.342 25715 26315 I LifeCycle: IntentSvc: onHandleIntent
09-02 16:53:33.342 25715 26315 I LifeCycle: IntentSvc: handleActionFoo(param1, param2)
09-02 16:53:33.346 25715 26314 I LifeCycle: Java Thread_LifeCycle: Activity: Apps=302 Pkgs=302
09-02 16:53:33.347  4916  4916 I AiAiNotificationIntelli: Notification enqueued.
09-02 16:53:33.366 25715 25715 I LifeCycle: IntentSvc: onDestroy
09-02 16:53:33.377  1729  2459 I ActivityTaskManager: Displayed com.lilioss.lifecycle.simpleactivity/.BackgroundActivity: +89ms
09-02 16:53:33.378  3702  3702 I WallpaperService: engine resumed
09-02 16:53:33.379  1729  5037 W ServiceManager: Permission failure: android.permission.HIGH_SAMPLING_RATE_SENSORS from uid=10192 pid=3702
09-02 16:53:33.379  1729  5037 W ServiceManager: Permission failure: android.permission.HIGH_SAMPLING_RATE_SENSORS from uid=10192 pid=3702
09-02 16:53:33.379   973   973 I sensors-hal: [hal]batch_physical_sensor:314, android.sensor.gyroscope/41, period=20000000, max_latency=0
09-02 16:53:33.379   973   973 I sensors-hal: [sensor]set_config:64, sample_period_ns is adjusted to 20000000 based on min/max delay_ns
09-02 16:53:33.380   973   973 I sensors-hal: [hal]batch_physical_sensor:323, android.sensor.gyroscope/41, period=20000000, max_latency=0 request completed
09-02 16:53:33.380   973   973 I sensors-hal: [hal]activate_physical_sensor:251, android.sensor.gyroscope/41 en=1
09-02 16:53:33.380   973   973 I sensors-hal: [ssc_utils]get_qmi_debug_flag:243, support_qmi_debug : false
09-02 16:53:33.382   973   973 I sensors-hal: [ssc_sensor]update_handle:560, handle=331, type=33, wakeup=0, hwid=0, base=331
09-02 16:53:33.382   973   973 I sensors-hal: [sensor]set_config:64, sample_period_ns is adjusted to 1000000000 based on min/max delay_ns
09-02 16:53:33.383   973   973 I sensors-hal: [ssc_utils]get_qmi_debug_flag:243, support_qmi_debug : false
09-02 16:53:33.385  1729  2462 I DisplayDeviceRepository: Display device changed: DisplayDeviceInfo{"Built-in Screen": uniqueId="local:4630946523002478721", 1080 x 2340, modeId 2, defaultModeId 1, supportedModes [{id=1, width=1080, height=2340, fps=60.000004, alternativeRefreshRates=[90.0]}, {id=2, width=1080, height=2340, fps=90.0, alternativeRefreshRates=[60.000004]}], colorMode 9, supportedColorModes [9], hdrCapabilities HdrCapabilities{mSupportedHdrTypes=[2, 3], mMaxLuminance=500.0, mMaxAverageLuminance=500.0, mMinLuminance=0.0}, allmSupported false, gameContentTypeSupported false, density 440, 435.428 x 433.839 dpi, appVsyncOff 2333333, presDeadline 11500000, cutout DisplayCutout{insets=Rect(0, 136 - 0, 0) waterfall=Insets{left=0, top=0, right=0, bottom=0} boundingRect={Bounds=[Rect(0, 0 - 0, 0), Rect(0, 0 - 136, 136), Rect(0, 0 - 0, 0), Rect(0, 0 - 0, 0)]} cutoutPathParserInfo={CutoutPathParserInfo{displayWidth=1080 displayHeight=2340 density={2.75} cutoutSpec={M 41,77 a 40,40 0 1 0 80,0 40,40 0 1 0 -80,0 Z @left} rotation={0} scale={1.0}}}}, touch INTERNAL, rotation 0, type INTERNAL, address {port=129, model=0x40446d53ad64a0}, deviceProductInfo DeviceProductInfo{name=, manufacturerPnpId=QCM, productId=1, modelYear=null, manufactureDate=ManufactureDate{week=27, year=2006}, connectionToSinkType=0}, state ON, frameRateOverride , brightnessMinimum 0.0, brightnessMaximum 1.0, brightnessDefault 0.2901961, roundedCorners RoundedCorners{[RoundedCorner{position=TopLeft, radius=108, center=Point(108, 108)}, RoundedCorner{position=TopRight, radius=108, center=Point(972, 108)}, RoundedCorner{position=BottomRight, radius=108, center=Point(972, 2232)}, RoundedCorner{position=BottomLeft, radius=108, center=Point(108, 2232)}]}, FLAG_DEFAULT_DISPLAY, FLAG_ROTATES_WITH_CONTENT, FLAG_SECURE, FLAG_SUPPORTS_PROTECTED_BUFFERS}
09-02 16:53:33.386   624   679 I SDM     : HWDeviceDRM::UpdateMixerAttributes: Mixer WxH 1080x2340-1 for Peripheral
09-02 16:53:33.386   624   679 I SDM     : DisplayBase::SetActiveConfig: Active configuration changed to: 1
09-02 16:53:33.386   624   679 I SDM     : StrategyImpl::SetIdleTimeoutMs: Idle timeout set to zero for command mode panels
09-02 16:53:33.388  1729  2463 W LocalDisplayAdapter: Unable to find color mode 0, ignoring request.
09-02 16:53:33.392   973 26322 I sensors-hal: [ssc_sensor]ssc_conn_resp_cb:686, resp_value = 0
09-02 16:53:33.392   973   973 I sensors-hal: [ssc_utils]get_qmi_debug_flag:243, support_qmi_debug : false
09-02 16:53:33.393 15928 15928 I GoogleInputMethodService: GoogleInputMethodService.onFinishInput():3446 
09-02 16:53:33.395     0     0 I         : c6    513 [drm:dsi_display_set_mode [msm_drm]] [msm-dsi-info]: mdp_transfer_time_us=9000 us
09-02 16:53:33.395     0     0 I         : c6    513 [drm:dsi_display_set_mode [msm_drm]] [msm-dsi-info]: hactive= 1080,vactive= 2340,fps=90
09-02 16:53:33.395 15928 15928 I GoogleInputMethodService: GoogleInputMethodService.onStartInput():2028 
09-02 16:53:33.396 15928 15928 I DeviceUnlockedTag: DeviceUnlockedTag.notifyDeviceLockStatusChanged():38 Notify device unlocked.
09-02 16:53:33.396   973  2616 I sensors-hal: [ssc_utils]get_qmi_debug_flag:243, support_qmi_debug : false
09-02 16:53:33.398   621   673 W HWComposer: Ignoring duplicate VSYNC event from HWC for display 4630946523002478721 (t=2779588040000)
09-02 16:53:33.406   973   973 I sensors-hal: [hal]activate_physical_sensor:262, android.sensor.gyroscope/41 en=1 completed
09-02 16:53:33.406   973 26326 I sensors-hal: [ssc_sensor]ssc_conn_resp_cb:686, resp_value = 0
09-02 16:53:33.415   621   673 W HWComposer: Ignoring duplicate VSYNC event from HWC for display 4630946523002478721 (t=2779604709000)
09-02 16:53:33.427   621   673 W HWComposer: Ignoring duplicate VSYNC event from HWC for display 4630946523002478721 (t=2779615817000)
09-02 16:53:33.437   621   673 W HWComposer: Ignoring duplicate VSYNC event from HWC for display 4630946523002478721 (t=2779626923000)
09-02 16:53:33.448   621   673 W HWComposer: Ignoring duplicate VSYNC event from HWC for display 4630946523002478721 (t=2779638079000)
09-02 16:53:33.460   621   673 W HWComposer: Ignoring duplicate VSYNC event from HWC for display 4630946523002478721 (t=2779649236000)
09-02 16:53:33.471   621   673 W HWComposer: Ignoring duplicate VSYNC event from HWC for display 4630946523002478721 (t=2779660335000)
09-02 16:53:33.517 25715 26226 I LifeCycle: Java Thread_LifeCycle: Activity: 4
09-02 16:53:33.539 25715 26134 I LifeCycle: Java Thread_LifeCycle: Activity: 8
09-02 16:53:33.546  1729  1729 I NotificationService: Cannot find enqueued record for key: 0|com.lilioss.lifecycle.simpleactivity|1|null|10263
09-02 16:53:33.560   973  1088 D VSC     : @ 2792.674: [WO] Proposed rotation: 0, flat angle threshold: 65
09-02 16:53:33.560   973  1088 D VSC     : @ 2792.674: [WO] orientation angle 0, orientation 0
09-02 16:53:33.560   973  1088 D VSC     : @ 2792.674: [WO] Gyro angle integrated: 0.005789
09-02 16:53:33.566 25715 26226 I LifeCycle: Java Thread_LifeCycle: Activity: Apps=302 Pkgs=302
09-02 16:53:33.571 25715 26134 I LifeCycle: Java Thread_LifeCycle: Activity: Apps=302 Pkgs=302
09-02 16:53:33.637 25715 26037 I LifeCycle: Java Thread_LifeCycle: Activity: 12
09-02 16:53:33.666 25715 26037 I LifeCycle: Java Thread_LifeCycle: Activity: Apps=302 Pkgs=302
09-02 16:53:33.796 25715 25830 I LifeCycle: Java Thread_LifeCycle: Activity: 20
09-02 16:53:33.810 25715 25751 I LifeCycle: Java Thread_LifeCycle: Activity: 24
09-02 16:53:33.834 25715 25751 I LifeCycle: Java Thread_LifeCycle: Activity: Apps=302 Pkgs=302
09-02 16:53:33.848 25715 25830 I LifeCycle: Java Thread_LifeCycle: Activity: Apps=302 Pkgs=302
09-02 16:53:33.972  3702  3702 I WallpaperService: engine paused
09-02 16:53:33.972   973   973 I sensors-hal: [hal]activate_physical_sensor:251, android.sensor.gyroscope/41 en=0
09-02 16:53:33.978   973   973 I sensors-hal: [hal]activate_physical_sensor:262, android.sensor.gyroscope/41 en=0 completed
09-02 16:53:34.108   973  2616 I sensors-hal: [ssc_utils]get_qmi_debug_flag:243, support_qmi_debug : false
09-02 16:53:34.148  1729  1793 I system_server: NativeAlloc concurrent copying GC freed 1222403(62MB) AllocSpace objects, 64(1680KB) LOS objects, 74% free, 32MB/128MB, paused 79us total 134.551ms
09-02 16:53:34.320 25715 25944 I LifeCycle: Java Thread_LifeCycle: Activity: 16
09-02 16:53:34.321 26335 26335 D ProcessState: Binder ioctl to enable oneway spam detection failed: Invalid argument
09-02 16:53:34.321     0     0 I         : c6  26335 binder: 26335:26335 ioctl 40046210 7fd9240014 returned -22
09-02 16:53:34.325  1729  1945 I ActivityTaskManager: START u0 {flg=0x10000000 cmp=com.google.android.deskclock/com.android.deskclock.DeskClock} from uid 2000
09-02 16:53:34.329  3452  3536 D PhoneStartingWindowTypeAlgorithm: preferredStartingWindowType newTask:false taskSwitch:true processRunning:true allowTaskSnapshot:true activityCreated:true useEmptySplashScreen:false legacySplashScreen:false topIsHome:false
09-02 16:53:34.329  3452  3536 D PhoneStartingWindowTypeAlgorithm: isSnapshotCompatible rotation 0 snapshot 0
09-02 16:53:34.333 25715 25715 I LifeCycle: Activity: onPause
09-02 16:53:34.333   973  2616 I sensors-hal: [ssc_utils]get_qmi_debug_flag:243, support_qmi_debug : false
09-02 16:53:34.340  1729  3612 W LocalDisplayAdapter: Unable to find color mode 0, ignoring request.
09-02 16:53:34.340 25715 25944 I LifeCycle: Java Thread_LifeCycle: Activity: Apps=302 Pkgs=302
09-02 16:53:34.346 25715 26314 I LifeCycle: Java Thread_LifeCycle: Activity: 1
09-02 16:53:34.357  4938  5860 I AssistantForeground: Get launcher package: com.google.android.apps.nexuslauncher
09-02 16:53:34.370 25715 26314 I LifeCycle: Java Thread_LifeCycle: Activity: Apps=302 Pkgs=302
09-02 16:53:34.375  3702  3702 I WallpaperService: engine resumed
09-02 16:53:34.376  1729  3612 W ServiceManager: Permission failure: android.permission.HIGH_SAMPLING_RATE_SENSORS from uid=10192 pid=3702
09-02 16:53:34.377  1729  3612 W ServiceManager: Permission failure: android.permission.HIGH_SAMPLING_RATE_SENSORS from uid=10192 pid=3702
09-02 16:53:34.378 16147 16147 D MainContentCaptureSession: Flushing 1 event(s) for act:com.google.android.deskclock/com.android.deskclock.DeskClock [state=2 (ACTIVE), disabled=false], reason=FULL
09-02 16:53:34.378   973   973 I sensors-hal: [hal]batch_physical_sensor:314, android.sensor.gyroscope/41, period=20000000, max_latency=0
09-02 16:53:34.378   973   973 I sensors-hal: [sensor]set_config:64, sample_period_ns is adjusted to 20000000 based on min/max delay_ns
09-02 16:53:34.378   973   973 I sensors-hal: [hal]batch_physical_sensor:323, android.sensor.gyroscope/41, period=20000000, max_latency=0 request completed
09-02 16:53:34.378   973   973 I sensors-hal: [hal]activate_physical_sensor:251, android.sensor.gyroscope/41 en=1
09-02 16:53:34.379   973   973 I sensors-hal: [ssc_utils]get_qmi_debug_flag:243, support_qmi_debug : false
09-02 16:53:34.379  3452  3536 D StartingSurfaceDrawer: Task start finish, remove starting surface for task 79
09-02 16:53:34.379 16147 16147 D MainContentCaptureSession: Flushing 2 event(s) for act:com.google.android.deskclock/com.android.deskclock.DeskClock [state=2 (ACTIVE), disabled=false], reason=FULL
09-02 16:53:34.380 16147 16147 D MainContentCaptureSession: Flushing 54 event(s) for act:com.google.android.deskclock/com.android.deskclock.DeskClock [state=2 (ACTIVE), disabled=false], reason=FULL
09-02 16:53:34.380 16147 16147 V ClearcutMetricXmitter: Transmission is done.
09-02 16:53:34.386   973   973 I sensors-hal: [ssc_sensor]update_handle:560, handle=331, type=33, wakeup=0, hwid=0, base=331
09-02 16:53:34.386   973   973 I sensors-hal: [sensor]set_config:64, sample_period_ns is adjusted to 1000000000 based on min/max delay_ns
09-02 16:53:34.386   973   973 I sensors-hal: [ssc_utils]get_qmi_debug_flag:243, support_qmi_debug : false
09-02 16:53:34.392   973   973 I sensors-hal: [ssc_utils]get_qmi_debug_flag:243, support_qmi_debug : false
09-02 16:53:34.393   973 26347 I sensors-hal: [ssc_sensor]ssc_conn_resp_cb:686, resp_value = 0
09-02 16:53:34.397 16147 16147 D MainContentCaptureSession: Flushing 0 event(s) for act:com.google.android.deskclock/com.android.deskclock.DeskClock [state=2 (ACTIVE), disabled=false], reason=VIEW_ROOT
09-02 16:53:34.397  4916  4916 W ContentCaptureService: handleSendEvents() received empty list of events
09-02 16:53:34.398 15928 15928 I GoogleInputMethodService: GoogleInputMethodService.onFinishInput():3446 
09-02 16:53:34.398 15928 15928 I GoogleInputMethodService: GoogleInputMethodService.onStartInput():2028 
09-02 16:53:34.399 15928 15928 I DeviceUnlockedTag: DeviceUnlockedTag.notifyDeviceLockStatusChanged():38 Notify device unlocked.
09-02 16:53:34.400   973   973 I sensors-hal: [hal]activate_physical_sensor:262, android.sensor.gyroscope/41 en=1 completed
09-02 16:53:34.402   973 26350 I sensors-hal: [ssc_sensor]ssc_conn_resp_cb:686, resp_value = 0
09-02 16:53:34.454  1729  3612 W InputManager-JNI: Input channel object 'b1d8486 SnapshotStartingWindow for taskId=79 (client)' was disposed without first being removed with the input manager!
09-02 16:53:34.566 25715 26226 I LifeCycle: Java Thread_LifeCycle: Activity: 5
09-02 16:53:34.571 25715 26134 I LifeCycle: Java Thread_LifeCycle: Activity: 9
09-02 16:53:34.629 25715 26226 I LifeCycle: Java Thread_LifeCycle: Activity: Apps=302 Pkgs=302
09-02 16:53:34.632 25715 26134 I LifeCycle: Java Thread_LifeCycle: Activity: Apps=302 Pkgs=302
09-02 16:53:34.667 25715 26037 I LifeCycle: Java Thread_LifeCycle: Activity: 13
09-02 16:53:34.736 25715 26037 I LifeCycle: Java Thread_LifeCycle: Activity: Apps=302 Pkgs=302
09-02 16:53:34.836 25715 25751 I LifeCycle: Java Thread_LifeCycle: Activity: 25
09-02 16:53:34.848 25715 25830 I LifeCycle: Java Thread_LifeCycle: Activity: 21
09-02 16:53:34.907 25715 25751 I LifeCycle: Java Thread_LifeCycle: Activity: Apps=302 Pkgs=302
09-02 16:53:34.918 25715 25830 I LifeCycle: Java Thread_LifeCycle: Activity: Apps=302 Pkgs=302
09-02 16:53:34.960  3702  3702 I WallpaperService: engine paused
09-02 16:53:34.963   973   973 I sensors-hal: [hal]activate_physical_sensor:251, android.sensor.gyroscope/41 en=0
09-02 16:53:34.972   973   973 I sensors-hal: [hal]activate_physical_sensor:262, android.sensor.gyroscope/41 en=0 completed
09-02 16:53:34.984 25715 25715 I LifeCycle: Activity: onStop
09-02 16:53:35.088   973  2616 I sensors-hal: [ssc_utils]get_qmi_debug_flag:243, support_qmi_debug : false
09-02 16:53:35.326 18268 25940 W FA      : Failed to retrieve Firebase Instance Id
09-02 16:53:35.341 25715 25944 I LifeCycle: Java Thread_LifeCycle: Activity: 17
09-02 16:53:35.365 26357 26357 D ProcessState: Binder ioctl to enable oneway spam detection failed: Invalid argument
09-02 16:53:35.367  1729  3612 I ActivityTaskManager: START u0 {flg=0x10000000 cmp=com.google.android.calculator/com.android.calculator2.Calculator} from uid 2000
09-02 16:53:35.364     0     0 I         : c7  26357 binder: 26357:26357 ioctl 40046210 7ffe15cc64 returned -22
09-02 16:53:35.370  3452  3536 D PhoneStartingWindowTypeAlgorithm: preferredStartingWindowType newTask:false taskSwitch:true processRunning:true allowTaskSnapshot:true activityCreated:true useEmptySplashScreen:false legacySplashScreen:false topIsHome:false
09-02 16:53:35.370  3452  3536 D PhoneStartingWindowTypeAlgorithm: isSnapshotCompatible rotation 0 snapshot 0
09-02 16:53:35.371 25715 26314 I LifeCycle: Java Thread_LifeCycle: Activity: 2
09-02 16:53:35.374   973  2616 I sensors-hal: [ssc_utils]get_qmi_debug_flag:243, support_qmi_debug : false
09-02 16:53:35.387 16147 16147 D MainContentCaptureSession: Flushing 1 event(s) for act:com.google.android.deskclock/com.android.deskclock.DeskClock [state=2 (ACTIVE), disabled=false], reason=FULL
09-02 16:53:35.404  4938  5825 I AssistantForeground: Get launcher package: com.google.android.apps.nexuslauncher
09-02 16:53:35.407  3702  3702 I WallpaperService: engine resumed
09-02 16:53:35.410  1729  5037 W ServiceManager: Permission failure: android.permission.HIGH_SAMPLING_RATE_SENSORS from uid=10192 pid=3702
09-02 16:53:35.411  1729  5037 W ServiceManager: Permission failure: android.permission.HIGH_SAMPLING_RATE_SENSORS from uid=10192 pid=3702
09-02 16:53:35.412   973   973 I sensors-hal: [hal]batch_physical_sensor:314, android.sensor.gyroscope/41, period=20000000, max_latency=0
09-02 16:53:35.412   973   973 I sensors-hal: [sensor]set_config:64, sample_period_ns is adjusted to 20000000 based on min/max delay_ns
09-02 16:53:35.412   973   973 I sensors-hal: [hal]batch_physical_sensor:323, android.sensor.gyroscope/41, period=20000000, max_latency=0 request completed
09-02 16:53:35.415   973   973 I sensors-hal: [hal]activate_physical_sensor:251, android.sensor.gyroscope/41 en=1
09-02 16:53:35.415   973   973 I sensors-hal: [ssc_utils]get_qmi_debug_flag:243, support_qmi_debug : false
09-02 16:53:35.419   973   973 I sensors-hal: [ssc_sensor]update_handle:560, handle=331, type=33, wakeup=0, hwid=0, base=331
09-02 16:53:35.419   973   973 I sensors-hal: [sensor]set_config:64, sample_period_ns is adjusted to 1000000000 based on min/max delay_ns
09-02 16:53:35.419   973   973 I sensors-hal: [ssc_utils]get_qmi_debug_flag:243, support_qmi_debug : false
09-02 16:53:35.425 25715 25944 I LifeCycle: Java Thread_LifeCycle: Activity: Apps=302 Pkgs=302
09-02 16:53:35.428   973   973 I sensors-hal: [ssc_utils]get_qmi_debug_flag:243, support_qmi_debug : false
09-02 16:53:35.431   973 26368 I sensors-hal: [ssc_sensor]ssc_conn_resp_cb:686, resp_value = 0
09-02 16:53:35.432   973   973 I sensors-hal: [hal]activate_physical_sensor:262, android.sensor.gyroscope/41 en=1 completed
09-02 16:53:35.433   973 26372 I sensors-hal: [ssc_sensor]ssc_conn_resp_cb:686, resp_value = 0
09-02 16:53:35.446  3452  3536 D StartingSurfaceDrawer: Task start finish, remove starting surface for task 80
09-02 16:53:35.454 25715 26314 I LifeCycle: Java Thread_LifeCycle: Activity: Apps=302 Pkgs=302
09-02 16:53:35.462 15928 15928 I GoogleInputMethodService: GoogleInputMethodService.onFinishInput():3446 
09-02 16:53:35.463 15928 15928 I GoogleInputMethodService: GoogleInputMethodService.onStartInput():2028 
09-02 16:53:35.465 15928 15928 I DeviceUnlockedTag: DeviceUnlockedTag.notifyDeviceLockStatusChanged():38 Notify device unlocked.
09-02 16:53:35.483  1729  3532 W InputManager-JNI: Input channel object '2cd7293 SnapshotStartingWindow for taskId=80 (client)' was disposed without first being removed with the input manager!
09-02 16:53:35.560   973  1088 D VSC     : @ 2794.675: [WO] Proposed rotation: 0, flat angle threshold: 65
09-02 16:53:35.560   973  1088 D VSC     : @ 2794.675: [WO] orientation angle 0, orientation 0
09-02 16:53:35.560   973  1088 D VSC     : @ 2794.675: [WO] Gyro angle integrated: 0.057574
09-02 16:53:35.569  1729  3233 D ConnectivityService: NetReassign [no changes]
09-02 16:53:35.631 25715 26226 I LifeCycle: Java Thread_LifeCycle: Activity: 6
09-02 16:53:35.632 25715 26134 I LifeCycle: Java Thread_LifeCycle: Activity: 10
09-02 16:53:35.699 25715 26134 I LifeCycle: Java Thread_LifeCycle: Activity: Apps=302 Pkgs=302
09-02 16:53:35.708 25715 26226 I LifeCycle: Java Thread_LifeCycle: Activity: Apps=302 Pkgs=302
09-02 16:53:35.736 25715 26037 I LifeCycle: Java Thread_LifeCycle: Activity: 14
09-02 16:53:35.799 25715 26037 I LifeCycle: Java Thread_LifeCycle: Activity: Apps=302 Pkgs=302
09-02 16:53:35.907 25715 25751 I LifeCycle: Java Thread_LifeCycle: Activity: 26
09-02 16:53:35.918 25715 25830 I LifeCycle: Java Thread_LifeCycle: Activity: 22
09-02 16:53:35.974 25715 25751 I LifeCycle: Java Thread_LifeCycle: Activity: Apps=302 Pkgs=302
09-02 16:53:35.981 25715 25830 I LifeCycle: Java Thread_LifeCycle: Activity: Apps=302 Pkgs=302
09-02 16:53:35.995  3702  3702 I WallpaperService: engine paused
09-02 16:53:35.997   973   973 I sensors-hal: [hal]activate_physical_sensor:251, android.sensor.gyroscope/41 en=0
09-02 16:53:36.002   973   973 I sensors-hal: [hal]activate_physical_sensor:262, android.sensor.gyroscope/41 en=0 completed
09-02 16:53:36.015 16147 16147 D MainContentCaptureSession: Flushing 1 event(s) for act:com.google.android.deskclock/com.android.deskclock.DeskClock [state=2 (ACTIVE), disabled=false], reason=FULL
09-02 16:53:36.015 16147 16147 D MainContentCaptureSession: Flushing 2 event(s) for act:com.google.android.deskclock/com.android.deskclock.DeskClock [state=2 (ACTIVE), disabled=false], reason=FULL
09-02 16:53:36.016 16147 16147 V ClearcutMetricXmitter: Transmission is done.
09-02 16:53:36.112   973  2616 I sensors-hal: [ssc_utils]get_qmi_debug_flag:243, support_qmi_debug : false
09-02 16:53:36.466 25715 25944 I LifeCycle: Java Thread_LifeCycle: Activity: 18
09-02 16:53:36.474   973  2616 I sensors-hal: [ssc_utils]get_qmi_debug_flag:243, support_qmi_debug : false
09-02 16:53:36.479 25715 26314 I LifeCycle: Java Thread_LifeCycle: Activity: 3
09-02 16:53:36.532 25715 25944 I LifeCycle: Java Thread_LifeCycle: Activity: Apps=302 Pkgs=302
09-02 16:53:36.544 25715 26314 I LifeCycle: Java Thread_LifeCycle: Activity: Apps=302 Pkgs=302
09-02 16:53:36.558   973  2616 I sensors-hal: [ssc_utils]get_qmi_debug_flag:243, support_qmi_debug : false
09-02 16:53:36.740 25715 26134 I LifeCycle: Java Thread_LifeCycle: Activity: 11
09-02 16:53:36.748 25715 26226 I LifeCycle: Java Thread_LifeCycle: Activity: 7
09-02 16:53:36.812 25715 26134 I LifeCycle: Java Thread_LifeCycle: Activity: Apps=302 Pkgs=302
09-02 16:53:36.818 25715 26226 I LifeCycle: Java Thread_LifeCycle: Activity: Apps=302 Pkgs=302
09-02 16:53:36.837 25715 26037 I LifeCycle: Java Thread_LifeCycle: Activity: 15
09-02 16:53:36.900 25715 26037 I LifeCycle: Java Thread_LifeCycle: Activity: Apps=302 Pkgs=302
09-02 16:53:36.980 25715 25751 I LifeCycle: Java Thread_LifeCycle: Activity: 27
09-02 16:53:36.982   973  2616 I sensors-hal: [ssc_utils]get_qmi_debug_flag:243, support_qmi_debug : false
09-02 16:53:36.989   624   679 I SDM     : HWDeviceDRM::UpdateMixerAttributes: Mixer WxH 1080x2340-1 for Peripheral
09-02 16:53:36.989   624   679 I SDM     : DisplayBase::SetActiveConfig: Active configuration changed to: 0
09-02 16:53:36.989   624   679 I SDM     : StrategyImpl::SetIdleTimeoutMs: Idle timeout set to zero for command mode panels
09-02 16:53:36.993     0     0 I         : c1    513 [drm:dsi_display_set_mode [msm_drm]] [msm-dsi-info]: mdp_transfer_time_us=14000 us
09-02 16:53:36.993     0     0 I         : c1    513 [drm:dsi_display_set_mode [msm_drm]] [msm-dsi-info]: hactive= 1080,vactive= 2340,fps=60
09-02 16:53:36.994  1729  2462 I DisplayDeviceRepository: Display device changed: DisplayDeviceInfo{"Built-in Screen": uniqueId="local:4630946523002478721", 1080 x 2340, modeId 1, defaultModeId 1, supportedModes [{id=1, width=1080, height=2340, fps=60.000004, alternativeRefreshRates=[90.0]}, {id=2, width=1080, height=2340, fps=90.0, alternativeRefreshRates=[60.000004]}], colorMode 9, supportedColorModes [9], hdrCapabilities HdrCapabilities{mSupportedHdrTypes=[2, 3], mMaxLuminance=500.0, mMaxAverageLuminance=500.0, mMinLuminance=0.0}, allmSupported false, gameContentTypeSupported false, density 440, 435.428 x 433.839 dpi, appVsyncOff 2333332, presDeadline 11500000, cutout DisplayCutout{insets=Rect(0, 136 - 0, 0) waterfall=Insets{left=0, top=0, right=0, bottom=0} boundingRect={Bounds=[Rect(0, 0 - 0, 0), Rect(0, 0 - 136, 136), Rect(0, 0 - 0, 0), Rect(0, 0 - 0, 0)]} cutoutPathParserInfo={CutoutPathParserInfo{displayWidth=1080 displayHeight=2340 density={2.75} cutoutSpec={M 41,77 a 40,40 0 1 0 80,0 40,40 0 1 0 -80,0 Z @left} rotation={0} scale={1.0}}}}, touch INTERNAL, rotation 0, type INTERNAL, address {port=129, model=0x40446d53ad64a0}, deviceProductInfo DeviceProductInfo{name=, manufacturerPnpId=QCM, productId=1, modelYear=null, manufactureDate=ManufactureDate{week=27, year=2006}, connectionToSinkType=0}, state ON, frameRateOverride , brightnessMinimum 0.0, brightnessMaximum 1.0, brightnessDefault 0.2901961, roundedCorners RoundedCorners{[RoundedCorner{position=TopLeft, radius=108, center=Point(108, 108)}, RoundedCorner{position=TopRight, radius=108, center=Point(972, 108)}, RoundedCorner{position=BottomRight, radius=108, center=Point(972, 2232)}, RoundedCorner{position=BottomLeft, radius=108, center=Point(108, 2232)}]}, FLAG_DEFAULT_DISPLAY, FLAG_ROTATES_WITH_CONTENT, FLAG_SECURE, FLAG_SUPPORTS_PROTECTED_BUFFERS}
09-02 16:53:36.995   973  2616 I sensors-hal: [ssc_utils]get_qmi_debug_flag:243, support_qmi_debug : false
09-02 16:53:36.999  1729  2463 W LocalDisplayAdapter: Unable to find color mode 0, ignoring request.
09-02 16:53:37.018  1729  2651 D ActivityManager: froze 25715 com.lilioss.lifecycle.simpleactivity
09-02 16:53:37.407     0     0 I         : c4    571 logd: logdr: UID=2000 GID=2000 PID=26390 n tail=0 logMask=99 pid=0 start=0ns deadline=0ns
09-02 16:53:37.440 26395 26395 D ProcessState: Binder ioctl to enable oneway spam detection failed: Invalid argument
09-02 16:53:37.439     0     0 I         : c7  26395 binder: 26395:26395 ioctl 40046210 7fe82eb014 returned -22
09-02 16:53:37.443  1729  5037 I ActivityTaskManager: START u0 {flg=0x10000000 cmp=com.lilioss.lifecycle.simpleactivity/.BackgroundActivity} from uid 2000
09-02 16:53:37.451   624   679 I SDM     : StrategyImpl::SetIdleTimeoutMs: Idle timeout set to zero for command mode panels
09-02 16:53:37.453  1729  5037 W ActivityTaskManager: Tried to set launchTime (0) < mLastActivityLaunchTime (2779482)
09-02 16:53:37.458  1729  5037 W LocalDisplayAdapter: Unable to find color mode 0, ignoring request.
09-02 16:53:37.459  1729  2462 D ActivityManager: pid 25715 com.lilioss.lifecycle.simpleactivity  received async transactions while frozen
09-02 16:53:37.459  1729  2462 D ActivityManager: sync unfroze 25715 com.lilioss.lifecycle.simpleactivity
09-02 16:53:37.461 25715 25830 I LifeCycle: Java Thread_LifeCycle: Activity: 23
09-02 16:53:37.466 25715 25715 I LifeCycle: Activity: onCreate
09-02 16:53:37.471 18268 25940 W FA      : Failed to retrieve Firebase Instance Id
09-02 16:53:37.480 25715 26400 I LifeCycle: Java Thread_LifeCycle: Activity: 0
09-02 16:53:37.481 25715 25715 I LifeCycle: Activity: onStart
09-02 16:53:37.482 25715 25715 I LifeCycle: Activity: onResume
09-02 16:53:37.482 25715 25715 I LifeCycle: IntentSvc: startActionFoo
09-02 16:53:37.483  4938  5815 I AssistantForeground: Get launcher package: com.google.android.apps.nexuslauncher
09-02 16:53:37.490 25715 25751 I LifeCycle: Java Thread_LifeCycle: Activity: Apps=302 Pkgs=302
09-02 16:53:37.503 25715 25715 I LifeCycle: IntentSvc: onCreate
09-02 16:53:37.506  1729  2496 V ActivityManager: Attempted to start a foreground service (com.lilioss.lifecycle.simpleactivity/.SimpleIntentService) with a broken notification (no icon: Notification(channel=1 shortcut=null contentView=null vibrate=null sound=null defaults=0x0 flags=0x40 color=0x00000000 vis=PRIVATE))
09-02 16:53:37.506 25715 25715 I LifeCycle: IntentSvc: onStartCommand
09-02 16:53:37.506 25715 26401 I LifeCycle: IntentSvc: onHandleIntent
09-02 16:53:37.506 25715 26401 I LifeCycle: IntentSvc: handleActionFoo(param1, param2)
09-02 16:53:37.511  4916  4916 I AiAiNotificationIntelli: Notification enqueued.
09-02 16:53:37.515 25715 25830 I LifeCycle: Java Thread_LifeCycle: Activity: Apps=302 Pkgs=302
09-02 16:53:37.521 25715 26400 I LifeCycle: Java Thread_LifeCycle: Activity: Apps=302 Pkgs=302
09-02 16:53:37.531 25715 25715 I LifeCycle: IntentSvc: onDestroy
09-02 16:53:37.542  1729  2459 I ActivityTaskManager: Displayed com.lilioss.lifecycle.simpleactivity/.BackgroundActivity: +91ms
09-02 16:53:37.543  3702  3702 I WallpaperService: engine resumed
09-02 16:53:37.555     0     0 I         : c6    513 [drm:dsi_display_set_mode [msm_drm]] [msm-dsi-info]: mdp_transfer_time_us=9000 us
09-02 16:53:37.556     0     0 I         : c6    513 [drm:dsi_display_set_mode [msm_drm]] [msm-dsi-info]: hactive= 1080,vactive= 2340,fps=90
09-02 16:53:37.544  1729  3612 W ServiceManager: Permission failure: android.permission.HIGH_SAMPLING_RATE_SENSORS from uid=10192 pid=3702
09-02 16:53:37.545  1729  3612 W ServiceManager: Permission failure: android.permission.HIGH_SAMPLING_RATE_SENSORS from uid=10192 pid=3702
09-02 16:53:37.545   973   973 I sensors-hal: [hal]batch_physical_sensor:314, android.sensor.gyroscope/41, period=20000000, max_latency=0
09-02 16:53:37.545   973   973 I sensors-hal: [sensor]set_config:64, sample_period_ns is adjusted to 20000000 based on min/max delay_ns
09-02 16:53:37.545   973   973 I sensors-hal: [hal]batch_physical_sensor:323, android.sensor.gyroscope/41, period=20000000, max_latency=0 request completed
09-02 16:53:37.545  1729  2462 I DisplayDeviceRepository: Display device changed: DisplayDeviceInfo{"Built-in Screen": uniqueId="local:4630946523002478721", 1080 x 2340, modeId 2, defaultModeId 1, supportedModes [{id=1, width=1080, height=2340, fps=60.000004, alternativeRefreshRates=[90.0]}, {id=2, width=1080, height=2340, fps=90.0, alternativeRefreshRates=[60.000004]}], colorMode 9, supportedColorModes [9], hdrCapabilities HdrCapabilities{mSupportedHdrTypes=[2, 3], mMaxLuminance=500.0, mMaxAverageLuminance=500.0, mMinLuminance=0.0}, allmSupported false, gameContentTypeSupported false, density 440, 435.428 x 433.839 dpi, appVsyncOff 2333333, presDeadline 11500000, cutout DisplayCutout{insets=Rect(0, 136 - 0, 0) waterfall=Insets{left=0, top=0, right=0, bottom=0} boundingRect={Bounds=[Rect(0, 0 - 0, 0), Rect(0, 0 - 136, 136), Rect(0, 0 - 0, 0), Rect(0, 0 - 0, 0)]} cutoutPathParserInfo={CutoutPathParserInfo{displayWidth=1080 displayHeight=2340 density={2.75} cutoutSpec={M 41,77 a 40,40 0 1 0 80,0 40,40 0 1 0 -80,0 Z @left} rotation={0} scale={1.0}}}}, touch INTERNAL, rotation 0, type INTERNAL, address {port=129, model=0x40446d53ad64a0}, deviceProductInfo DeviceProductInfo{name=, manufacturerPnpId=QCM, productId=1, modelYear=null, manufactureDate=ManufactureDate{week=27, year=2006}, connectionToSinkType=0}, state ON, frameRateOverride , brightnessMinimum 0.0, brightnessMaximum 1.0, brightnessDefault 0.2901961, roundedCorners RoundedCorners{[RoundedCorner{position=TopLeft, radius=108, center=Point(108, 108)}, RoundedCorner{position=TopRight, radius=108, center=Point(972, 108)}, RoundedCorner{position=BottomRight, radius=108, center=Point(972, 2232)}, RoundedCorner{position=BottomLeft, radius=108, center=Point(108, 2232)}]}, FLAG_DEFAULT_DISPLAY, FLAG_ROTATES_WITH_CONTENT, FLAG_SECURE, FLAG_SUPPORTS_PROTECTED_BUFFERS}
09-02 16:53:37.547   624   679 I SDM     : HWDeviceDRM::UpdateMixerAttributes: Mixer WxH 1080x2340-1 for Peripheral
09-02 16:53:37.547   624   679 I SDM     : DisplayBase::SetActiveConfig: Active configuration changed to: 1
09-02 16:53:37.547   624   679 I SDM     : StrategyImpl::SetIdleTimeoutMs: Idle timeout set to zero for command mode panels
09-02 16:53:37.549   973   973 I sensors-hal: [hal]activate_physical_sensor:251, android.sensor.gyroscope/41 en=1
09-02 16:53:37.549   973   973 I sensors-hal: [ssc_utils]get_qmi_debug_flag:243, support_qmi_debug : false
09-02 16:53:37.551  1729  2463 W LocalDisplayAdapter: Unable to find color mode 0, ignoring request.
09-02 16:53:37.553 15928 15928 I GoogleInputMethodService: GoogleInputMethodService.onFinishInput():3446 
09-02 16:53:37.553 15928 15928 I GoogleInputMethodService: GoogleInputMethodService.onStartInput():2028 
09-02 16:53:37.557   973   973 I sensors-hal: [ssc_sensor]update_handle:560, handle=331, type=33, wakeup=0, hwid=0, base=331
09-02 16:53:37.557   973   973 I sensors-hal: [sensor]set_config:64, sample_period_ns is adjusted to 1000000000 based on min/max delay_ns
09-02 16:53:37.557   973   973 I sensors-hal: [ssc_utils]get_qmi_debug_flag:243, support_qmi_debug : false
09-02 16:53:37.557   973  2616 I sensors-hal: [ssc_utils]get_qmi_debug_flag:243, support_qmi_debug : false
09-02 16:53:37.558 15928 15928 I DeviceUnlockedTag: DeviceUnlockedTag.notifyDeviceLockStatusChanged():38 Notify device unlocked.
09-02 16:53:37.559   621   673 W HWComposer: Ignoring duplicate VSYNC event from HWC for display 4630946523002478721 (t=2783748971000)
09-02 16:53:37.570   973  1088 D VSC     : @ 2796.684: [WO] Proposed rotation: 0, flat angle threshold: 65
09-02 16:53:37.570   973  1088 D VSC     : @ 2796.684: [WO] orientation angle 0, orientation 0
09-02 16:53:37.570   973  1088 D VSC     : @ 2796.684: [WO] Gyro angle integrated: 0.089252
09-02 16:53:37.572 25715 25944 I LifeCycle: Java Thread_LifeCycle: Activity: 19
09-02 16:53:37.572   973   973 I sensors-hal: [ssc_utils]get_qmi_debug_flag:243, support_qmi_debug : false
09-02 16:53:37.573   973 26411 I sensors-hal: [ssc_sensor]ssc_conn_resp_cb:686, resp_value = 0
09-02 16:53:37.576   621   673 W HWComposer: Ignoring duplicate VSYNC event from HWC for display 4630946523002478721 (t=2783765661000)
09-02 16:53:37.579   973   973 I sensors-hal: [hal]activate_physical_sensor:262, android.sensor.gyroscope/41 en=1 completed
09-02 16:53:37.580   973 26414 I sensors-hal: [ssc_sensor]ssc_conn_resp_cb:686, resp_value = 0
09-02 16:53:37.582 25715 26314 I LifeCycle: Java Thread_LifeCycle: Activity: 4
09-02 16:53:37.587   621   673 W HWComposer: Ignoring duplicate VSYNC event from HWC for display 4630946523002478721 (t=2783776776000)
09-02 16:53:37.598   621   673 W HWComposer: Ignoring duplicate VSYNC event from HWC for display 4630946523002478721 (t=2783787874000)
09-02 16:53:37.603 25715 26314 I LifeCycle: Java Thread_LifeCycle: Activity: Apps=302 Pkgs=302
09-02 16:53:37.609   621   673 W HWComposer: Ignoring duplicate VSYNC event from HWC for display 4630946523002478721 (t=2783799035000)
09-02 16:53:37.613 25715 25944 I LifeCycle: Java Thread_LifeCycle: Activity: Apps=302 Pkgs=302
09-02 16:53:37.621   621   673 W HWComposer: Ignoring duplicate VSYNC event from HWC for display 4630946523002478721 (t=2783810178000)
09-02 16:53:37.632   621   673 W HWComposer: Ignoring duplicate VSYNC event from HWC for display 4630946523002478721 (t=2783821284000)
09-02 16:53:37.710  1729  1729 I NotificationService: Cannot find enqueued record for key: 0|com.lilioss.lifecycle.simpleactivity|1|null|10263
09-02 16:53:37.828 25715 26134 I LifeCycle: Java Thread_LifeCycle: Activity: 12
09-02 16:53:37.828 25715 26226 I LifeCycle: Java Thread_LifeCycle: Activity: 8
09-02 16:53:37.851 25715 26226 I LifeCycle: Java Thread_LifeCycle: Activity: Apps=302 Pkgs=302
09-02 16:53:37.881 25715 26134 I LifeCycle: Java Thread_LifeCycle: Activity: Apps=302 Pkgs=302
09-02 16:53:37.941 25715 26037 I LifeCycle: Java Thread_LifeCycle: Activity: 16
09-02 16:53:37.964 25715 26037 I LifeCycle: Java Thread_LifeCycle: Activity: Apps=302 Pkgs=302
09-02 16:53:38.130  3702  3702 I WallpaperService: engine paused
09-02 16:53:38.131   973   973 I sensors-hal: [hal]activate_physical_sensor:251, android.sensor.gyroscope/41 en=0
09-02 16:53:38.134   973   973 I sensors-hal: [hal]activate_physical_sensor:262, android.sensor.gyroscope/41 en=0 completed
09-02 16:53:38.272   973  2616 I sensors-hal: [ssc_utils]get_qmi_debug_flag:243, support_qmi_debug : false
09-02 16:53:38.487 26421 26421 D ProcessState: Binder ioctl to enable oneway spam detection failed: Invalid argument
09-02 16:53:38.489  1729  6445 I ActivityTaskManager: START u0 {flg=0x10000000 cmp=com.google.android.deskclock/com.android.deskclock.DeskClock} from uid 2000
09-02 16:53:38.487     0     0 I         : c7  26421 binder: 26421:26421 ioctl 40046210 7fe02868c4 returned -22
09-02 16:53:38.491 25715 25751 I LifeCycle: Java Thread_LifeCycle: Activity: 28
09-02 16:53:38.492  3452  3536 D PhoneStartingWindowTypeAlgorithm: preferredStartingWindowType newTask:false taskSwitch:true processRunning:true allowTaskSnapshot:true activityCreated:true useEmptySplashScreen:false legacySplashScreen:false topIsHome:false
09-02 16:53:38.492  3452  3536 D PhoneStartingWindowTypeAlgorithm: isSnapshotCompatible rotation 0 snapshot 0
09-02 16:53:38.494 25715 25715 I LifeCycle: Activity: onPause
09-02 16:53:38.495   973  2616 I sensors-hal: [ssc_utils]get_qmi_debug_flag:243, support_qmi_debug : false
09-02 16:53:38.506  1729  6445 W LocalDisplayAdapter: Unable to find color mode 0, ignoring request.
09-02 16:53:38.515 25715 25830 I LifeCycle: Java Thread_LifeCycle: Activity: 24
09-02 16:53:38.516 16147 16147 D MainContentCaptureSession: Flushing 1 event(s) for act:com.google.android.deskclock/com.android.deskclock.DeskClock [state=2 (ACTIVE), disabled=false], reason=FULL
09-02 16:53:38.521 25715 26400 I LifeCycle: Java Thread_LifeCycle: Activity: 1
09-02 16:53:38.521  4938  5860 I AssistantForeground: Get launcher package: com.google.android.apps.nexuslauncher
09-02 16:53:38.536  3702  3702 I WallpaperService: engine resumed
09-02 16:53:38.537  1729  2553 W ServiceManager: Permission failure: android.permission.HIGH_SAMPLING_RATE_SENSORS from uid=10192 pid=3702
09-02 16:53:38.538  1729  2553 W ServiceManager: Permission failure: android.permission.HIGH_SAMPLING_RATE_SENSORS from uid=10192 pid=3702
09-02 16:53:38.538   973   973 I sensors-hal: [hal]batch_physical_sensor:314, android.sensor.gyroscope/41, period=20000000, max_latency=0
09-02 16:53:38.538   973   973 I sensors-hal: [sensor]set_config:64, sample_period_ns is adjusted to 20000000 based on min/max delay_ns
09-02 16:53:38.538   973   973 I sensors-hal: [hal]batch_physical_sensor:323, android.sensor.gyroscope/41, period=20000000, max_latency=0 request completed
09-02 16:53:38.539   973   973 I sensors-hal: [hal]activate_physical_sensor:251, android.sensor.gyroscope/41 en=1
09-02 16:53:38.539   973   973 I sensors-hal: [ssc_utils]get_qmi_debug_flag:243, support_qmi_debug : false
09-02 16:53:38.541  3452  3536 D StartingSurfaceDrawer: Task start finish, remove starting surface for task 79
09-02 16:53:38.544 16147 16147 D MainContentCaptureSession: Flushing 2 event(s) for act:com.google.android.deskclock/com.android.deskclock.DeskClock [state=2 (ACTIVE), disabled=false], reason=FULL
09-02 16:53:38.544 16147 16147 D MainContentCaptureSession: Flushing 54 event(s) for act:com.google.android.deskclock/com.android.deskclock.DeskClock [state=2 (ACTIVE), disabled=false], reason=FULL
09-02 16:53:38.545   973   973 I sensors-hal: [ssc_sensor]update_handle:560, handle=331, type=33, wakeup=0, hwid=0, base=331
09-02 16:53:38.545   973   973 I sensors-hal: [sensor]set_config:64, sample_period_ns is adjusted to 1000000000 based on min/max delay_ns
09-02 16:53:38.546   973   973 I sensors-hal: [ssc_utils]get_qmi_debug_flag:243, support_qmi_debug : false
09-02 16:53:38.551   973   973 I sensors-hal: [ssc_utils]get_qmi_debug_flag:243, support_qmi_debug : false
09-02 16:53:38.553   973 26433 I sensors-hal: [ssc_sensor]ssc_conn_resp_cb:686, resp_value = 0
09-02 16:53:38.557 16147 16147 V ClearcutMetricXmitter: Transmission is done.
09-02 16:53:38.559 16147 16147 D MainContentCaptureSession: Flushing 0 event(s) for act:com.google.android.deskclock/com.android.deskclock.DeskClock [state=2 (ACTIVE), disabled=false], reason=VIEW_ROOT
09-02 16:53:38.559 15928 15928 I GoogleInputMethodService: GoogleInputMethodService.onFinishInput():3446 
09-02 16:53:38.559  4916  4916 W ContentCaptureService: handleSendEvents() received empty list of events
09-02 16:53:38.560 15928 15928 I GoogleInputMethodService: GoogleInputMethodService.onStartInput():2028 
09-02 16:53:38.561 15928 15928 I DeviceUnlockedTag: DeviceUnlockedTag.notifyDeviceLockStatusChanged():38 Notify device unlocked.
09-02 16:53:38.563 25715 25751 I LifeCycle: Java Thread_LifeCycle: Activity: Apps=302 Pkgs=302
09-02 16:53:38.567   973   973 I sensors-hal: [hal]activate_physical_sensor:262, android.sensor.gyroscope/41 en=1 completed
09-02 16:53:38.569   973 26436 I sensors-hal: [ssc_sensor]ssc_conn_resp_cb:686, resp_value = 0
09-02 16:53:38.581  1729  3233 D ConnectivityService: NetReassign [no changes]
09-02 16:53:38.582 25715 26400 I LifeCycle: Java Thread_LifeCycle: Activity: Apps=302 Pkgs=302
09-02 16:53:38.592 25715 25830 I LifeCycle: Java Thread_LifeCycle: Activity: Apps=302 Pkgs=302
09-02 16:53:38.603 25715 26314 I LifeCycle: Java Thread_LifeCycle: Activity: 5
09-02 16:53:38.613 25715 25944 I LifeCycle: Java Thread_LifeCycle: Activity: 20
09-02 16:53:38.614  1729  1945 W InputManager-JNI: Input channel object '601a132 SnapshotStartingWindow for taskId=79 (client)' was disposed without first being removed with the input manager!
09-02 16:53:38.668 25715 26314 I LifeCycle: Java Thread_LifeCycle: Activity: Apps=302 Pkgs=302
09-02 16:53:38.675 25715 25944 I LifeCycle: Java Thread_LifeCycle: Activity: Apps=302 Pkgs=302
09-02 16:53:38.851 25715 26226 I LifeCycle: Java Thread_LifeCycle: Activity: 9
09-02 16:53:38.882 25715 26134 I LifeCycle: Java Thread_LifeCycle: Activity: 13
09-02 16:53:38.919 25715 26226 I LifeCycle: Java Thread_LifeCycle: Activity: Apps=302 Pkgs=302
09-02 16:53:38.947 25715 26134 I LifeCycle: Java Thread_LifeCycle: Activity: Apps=302 Pkgs=302
09-02 16:53:38.964 25715 26037 I LifeCycle: Java Thread_LifeCycle: Activity: 17
09-02 16:53:39.030 25715 26037 I LifeCycle: Java Thread_LifeCycle: Activity: Apps=302 Pkgs=302
09-02 16:53:39.122  3702  3702 I WallpaperService: engine paused
09-02 16:53:39.123   973   973 I sensors-hal: [hal]activate_physical_sensor:251, android.sensor.gyroscope/41 en=0
09-02 16:53:39.131   973   973 I sensors-hal: [hal]activate_physical_sensor:262, android.sensor.gyroscope/41 en=0 completed
09-02 16:53:39.140 25715 25715 I LifeCycle: Activity: onStop
09-02 16:53:39.251   973  2616 I sensors-hal: [ssc_utils]get_qmi_debug_flag:243, support_qmi_debug : false
09-02 16:53:39.503 18268 25940 W FA      : Failed to retrieve Firebase Instance Id
09-02 16:53:39.528 26443 26443 D ProcessState: Binder ioctl to enable oneway spam detection failed: Invalid argument
09-02 16:53:39.527     0     0 I         : c6  26443 binder: 26443:26443 ioctl 40046210 7fed0020e4 returned -22
09-02 16:53:39.530  1729  2553 I ActivityTaskManager: START u0 {flg=0x10000000 cmp=com.google.android.calculator/com.android.calculator2.Calculator} from uid 2000
09-02 16:53:39.534  3452  3536 D PhoneStartingWindowTypeAlgorithm: preferredStartingWindowType newTask:false taskSwitch:true processRunning:true allowTaskSnapshot:true activityCreated:true useEmptySplashScreen:false legacySplashScreen:false topIsHome:false
09-02 16:53:39.534  3452  3536 D PhoneStartingWindowTypeAlgorithm: isSnapshotCompatible rotation 0 snapshot 0
09-02 16:53:39.538   973  2616 I sensors-hal: [ssc_utils]get_qmi_debug_flag:243, support_qmi_debug : false
09-02 16:53:39.542 16147 16147 D MainContentCaptureSession: Flushing 1 event(s) for act:com.google.android.deskclock/com.android.deskclock.DeskClock [state=2 (ACTIVE), disabled=false], reason=FULL
09-02 16:53:39.548  4938  5825 I AssistantForeground: Get launcher package: com.google.android.apps.nexuslauncher
09-02 16:53:39.560   973  1088 D VSC     : @ 2798.675: [WO] Proposed rotation: 0, flat angle threshold: 65
09-02 16:53:39.560   973  1088 D VSC     : @ 2798.675: [WO] orientation angle 0, orientation 0
09-02 16:53:39.560   973  1088 D VSC     : @ 2798.675: [WO] Gyro angle integrated: 0.012872
09-02 16:53:39.563 25715 25751 I LifeCycle: Java Thread_LifeCycle: Activity: 29
09-02 16:53:39.578  3702  3702 I WallpaperService: engine resumed
09-02 16:53:39.579  1729  5434 W ServiceManager: Permission failure: android.permission.HIGH_SAMPLING_RATE_SENSORS from uid=10192 pid=3702
09-02 16:53:39.580  1729  5434 W ServiceManager: Permission failure: android.permission.HIGH_SAMPLING_RATE_SENSORS from uid=10192 pid=3702
09-02 16:53:39.581   973   973 I sensors-hal: [hal]batch_physical_sensor:314, android.sensor.gyroscope/41, period=20000000, max_latency=0
09-02 16:53:39.581   973   973 I sensors-hal: [sensor]set_config:64, sample_period_ns is adjusted to 20000000 based on min/max delay_ns
09-02 16:53:39.581   973   973 I sensors-hal: [hal]batch_physical_sensor:323, android.sensor.gyroscope/41, period=20000000, max_latency=0 request completed
09-02 16:53:39.581   973   973 I sensors-hal: [hal]activate_physical_sensor:251, android.sensor.gyroscope/41 en=1
09-02 16:53:39.581   973   973 I sensors-hal: [ssc_utils]get_qmi_debug_flag:243, support_qmi_debug : false
09-02 16:53:39.582 25715 26400 I LifeCycle: Java Thread_LifeCycle: Activity: 2
09-02 16:53:39.585   973   973 I sensors-hal: [ssc_sensor]update_handle:560, handle=331, type=33, wakeup=0, hwid=0, base=331
09-02 16:53:39.585   973   973 I sensors-hal: [sensor]set_config:64, sample_period_ns is adjusted to 1000000000 based on min/max delay_ns
09-02 16:53:39.586   973   973 I sensors-hal: [ssc_utils]get_qmi_debug_flag:243, support_qmi_debug : false
09-02 16:53:39.590   973   973 I sensors-hal: [ssc_utils]get_qmi_debug_flag:243, support_qmi_debug : false
09-02 16:53:39.591   973 26454 I sensors-hal: [ssc_sensor]ssc_conn_resp_cb:686, resp_value = 0
09-02 16:53:39.592 25715 25830 I LifeCycle: Java Thread_LifeCycle: Activity: 25
09-02 16:53:39.597   973   973 I sensors-hal: [hal]activate_physical_sensor:262, android.sensor.gyroscope/41 en=1 completed
